<?xml version="1.0"?>
<link_info>
   <banner>TMS320C6x Linker PC v7.4.7</banner>
   <copyright>Copyright (c) 1996-2014 Texas Instruments Incorporated</copyright>
   <link_time>0x5bc83adb</link_time>
   <output_file>my_first_project2018.out</output_file>
   <entry_point>
      <name>_c_int00</name>
      <address>0xa380</address>
   </entry_point>
   <input_file_list>
      <input_file id="fl-a">
         <path>.\</path>
         <kind>object</kind>
         <file>my_first_project2018cfg_c.obj</file>
         <name>my_first_project2018cfg_c.obj</name>
      </input_file>
      <input_file id="fl-b">
         <path>.\</path>
         <kind>object</kind>
         <file>my_first_project2018cfg.obj</file>
         <name>my_first_project2018cfg.obj</name>
      </input_file>
      <input_file id="fl-c">
         <path>.\</path>
         <kind>object</kind>
         <file>main.obj</file>
         <name>main.obj</name>
      </input_file>
      <input_file id="fl-88">
         <path>C:\ti\bios_5_42_01_09\packages\ti\bios\lib\</path>
         <kind>archive</kind>
         <file>biosC6000.a67</file>
         <name>clk_htime.o67</name>
      </input_file>
      <input_file id="fl-89">
         <path>C:\ti\bios_5_42_01_09\packages\ti\bios\lib\</path>
         <kind>archive</kind>
         <file>bios.a67</file>
         <name>biosdata.o67</name>
      </input_file>
      <input_file id="fl-8a">
         <path>C:\ti\bios_5_42_01_09\packages\ti\bios\lib\</path>
         <kind>archive</kind>
         <file>bios.a67</file>
         <name>hwi_disp_asm.o67</name>
      </input_file>
      <input_file id="fl-8b">
         <path>C:\ti\bios_5_42_01_09\packages\ti\bios\lib\</path>
         <kind>archive</kind>
         <file>bios.a67</file>
         <name>idl_stub.o67</name>
      </input_file>
      <input_file id="fl-8c">
         <path>C:\ti\bios_5_42_01_09\packages\ti\bios\lib\</path>
         <kind>archive</kind>
         <file>lnkrtdx.a67</file>
         <name>rtdx.o67</name>
      </input_file>
      <input_file id="fl-8d">
         <path>C:\ti\bios_5_42_01_09\packages\ti\bios\lib\</path>
         <kind>archive</kind>
         <file>bios.a67</file>
         <name>swi.o67</name>
      </input_file>
      <input_file id="fl-8e">
         <path>C:\ti\bios_5_42_01_09\packages\ti\bios\lib\</path>
         <kind>archive</kind>
         <file>bios.a67</file>
         <name>fxn_c.o67</name>
      </input_file>
      <input_file id="fl-8f">
         <path>C:\ti\bios_5_42_01_09\packages\ti\bios\lib\</path>
         <kind>archive</kind>
         <file>bios.a67</file>
         <name>gbl_cslpllinit62.o67</name>
      </input_file>
      <input_file id="fl-90">
         <path>C:\ti\bios_5_42_01_09\packages\ti\bios\lib\</path>
         <kind>archive</kind>
         <file>bios.a67</file>
         <name>knl_tick.o67</name>
      </input_file>
      <input_file id="fl-91">
         <path>C:\ti\bios_5_42_01_09\packages\ti\bios\lib\</path>
         <kind>archive</kind>
         <file>bios.a67</file>
         <name>utl_doab.o67</name>
      </input_file>
      <input_file id="fl-92">
         <path>C:\ti\bios_5_42_01_09\packages\ti\bios\lib\</path>
         <kind>archive</kind>
         <file>bios.a67</file>
         <name>utl_doer.o67</name>
      </input_file>
      <input_file id="fl-93">
         <path>C:\ti\bios_5_42_01_09\packages\ti\bios\lib\</path>
         <kind>archive</kind>
         <file>bios.a67</file>
         <name>utl_putc.o67</name>
      </input_file>
      <input_file id="fl-94">
         <path>C:\ti\bios_5_42_01_09\packages\ti\bios\lib\</path>
         <kind>archive</kind>
         <file>bios.a67</file>
         <name>utl_halt.o67</name>
      </input_file>
      <input_file id="fl-95">
         <path>C:\ti\bios_5_42_01_09\packages\ti\bios\lib\</path>
         <kind>archive</kind>
         <file>biosC6000.a67</file>
         <name>clk.o67</name>
      </input_file>
      <input_file id="fl-96">
         <path>C:\ti\bios_5_42_01_09\packages\ti\bios\lib\</path>
         <kind>archive</kind>
         <file>bios.a67</file>
         <name>fxn.o67</name>
      </input_file>
      <input_file id="fl-97">
         <path>C:\ti\bios_5_42_01_09\packages\ti\bios\lib\</path>
         <kind>archive</kind>
         <file>bios.a67</file>
         <name>boot.o67</name>
      </input_file>
      <input_file id="fl-98">
         <path>C:\ti\bios_5_42_01_09\packages\ti\bios\lib\</path>
         <kind>archive</kind>
         <file>bios.a67</file>
         <name>trc.o67</name>
      </input_file>
      <input_file id="fl-99">
         <path>C:\ti\bios_5_42_01_09\packages\ti\bios\lib\</path>
         <kind>archive</kind>
         <file>bios.a67</file>
         <name>hwi.o67</name>
      </input_file>
      <input_file id="fl-9a">
         <path>C:\ti\bios_5_42_01_09\packages\ti\bios\lib\</path>
         <kind>archive</kind>
         <file>bios.a67</file>
         <name>idl_busy.o67</name>
      </input_file>
      <input_file id="fl-9b">
         <path>C:\ti\bios_5_42_01_09\packages\ti\bios\lib\</path>
         <kind>archive</kind>
         <file>biosC6000.a67</file>
         <name>idl_cal.o67</name>
      </input_file>
      <input_file id="fl-9c">
         <path>C:\ti\bios_5_42_01_09\packages\ti\bios\lib\</path>
         <kind>archive</kind>
         <file>bios.a67</file>
         <name>idl.o67</name>
      </input_file>
      <input_file id="fl-9d">
         <path>C:\ti\bios_5_42_01_09\packages\ti\bios\lib\</path>
         <kind>archive</kind>
         <file>bios.a67</file>
         <name>knl_swit.o67</name>
      </input_file>
      <input_file id="fl-9e">
         <path>C:\ti\bios_5_42_01_09\packages\ti\bios\lib\</path>
         <kind>archive</kind>
         <file>bios.a67</file>
         <name>log.o67</name>
      </input_file>
      <input_file id="fl-9f">
         <path>C:\ti\bios_5_42_01_09\packages\ti\bios\lib\</path>
         <kind>archive</kind>
         <file>bios.a67</file>
         <name>pip.o67</name>
      </input_file>
      <input_file id="fl-a0">
         <path>C:\ti\bios_5_42_01_09\packages\ti\bios\lib\</path>
         <kind>archive</kind>
         <file>bios.a67</file>
         <name>prd.o67</name>
      </input_file>
      <input_file id="fl-a1">
         <path>C:\ti\bios_5_42_01_09\packages\ti\bios\lib\</path>
         <kind>archive</kind>
         <file>bios.a67</file>
         <name>rta.o67</name>
      </input_file>
      <input_file id="fl-a2">
         <path>C:\ti\bios_5_42_01_09\packages\ti\bios\lib\</path>
         <kind>archive</kind>
         <file>bios.a67</file>
         <name>rta_andn.o67</name>
      </input_file>
      <input_file id="fl-a3">
         <path>C:\ti\bios_5_42_01_09\packages\ti\bios\lib\</path>
         <kind>archive</kind>
         <file>bios.a67</file>
         <name>sts.o67</name>
      </input_file>
      <input_file id="fl-a4">
         <path>C:\ti\bios_5_42_01_09\packages\ti\bios\lib\</path>
         <kind>archive</kind>
         <file>bios.a67</file>
         <name>clk_data.o67</name>
      </input_file>
      <input_file id="fl-a5">
         <path>C:\ti\bios_5_42_01_09\packages\ti\bios\lib\</path>
         <kind>archive</kind>
         <file>bios.a67</file>
         <name>clk_data2.o67</name>
      </input_file>
      <input_file id="fl-a6">
         <path>C:\ti\bios_5_42_01_09\packages\ti\bios\lib\</path>
         <kind>archive</kind>
         <file>biosC6000.a67</file>
         <name>clk_meas.o67</name>
      </input_file>
      <input_file id="fl-a7">
         <path>C:\ti\bios_5_42_01_09\packages\ti\bios\lib\</path>
         <kind>archive</kind>
         <file>biosC6000.a67</file>
         <name>clk_start.o67</name>
      </input_file>
      <input_file id="fl-a8">
         <path>C:\ti\bios_5_42_01_09\packages\ti\bios\lib\</path>
         <kind>archive</kind>
         <file>biosC6000.a67</file>
         <name>clk_stop.o67</name>
      </input_file>
      <input_file id="fl-a9">
         <path>C:\ti\bios_5_42_01_09\packages\ti\bios\lib\</path>
         <kind>archive</kind>
         <file>bios.a67</file>
         <name>gbl_cslcacheinit.o67</name>
      </input_file>
      <input_file id="fl-aa">
         <path>C:\ti\bios_5_42_01_09\packages\ti\bios\lib\</path>
         <kind>archive</kind>
         <file>bios.a67</file>
         <name>gbl_vers.o67</name>
      </input_file>
      <input_file id="fl-ab">
         <path>C:\ti\bios_5_42_01_09\packages\ti\bios\lib\</path>
         <kind>archive</kind>
         <file>bios.a67</file>
         <name>hwi_c.o67</name>
      </input_file>
      <input_file id="fl-ac">
         <path>C:\ti\bios_5_42_01_09\packages\ti\bios\lib\</path>
         <kind>archive</kind>
         <file>bios.a67</file>
         <name>knl.o67</name>
      </input_file>
      <input_file id="fl-ad">
         <path>C:\ti\bios_5_42_01_09\packages\ti\bios\lib\</path>
         <kind>archive</kind>
         <file>bios.a67</file>
         <name>knl_exit.o67</name>
      </input_file>
      <input_file id="fl-ae">
         <path>C:\ti\bios_5_42_01_09\packages\ti\bios\lib\</path>
         <kind>archive</kind>
         <file>bios.a67</file>
         <name>knl_chec.o67</name>
      </input_file>
      <input_file id="fl-af">
         <path>C:\ti\bios_5_42_01_09\packages\ti\bios\lib\</path>
         <kind>archive</kind>
         <file>bios.a67</file>
         <name>knl_post.o67</name>
      </input_file>
      <input_file id="fl-b0">
         <path>C:\ti\bios_5_42_01_09\packages\ti\bios\lib\</path>
         <kind>archive</kind>
         <file>bios.a67</file>
         <name>knl_ipos.o67</name>
      </input_file>
      <input_file id="fl-b1">
         <path>C:\ti\bios_5_42_01_09\packages\ti\bios\lib\</path>
         <kind>archive</kind>
         <file>bios.a67</file>
         <name>knl_run.o67</name>
      </input_file>
      <input_file id="fl-b2">
         <path>C:\ti\bios_5_42_01_09\packages\ti\bios\lib\</path>
         <kind>archive</kind>
         <file>bios.a67</file>
         <name>mem_asm.o67</name>
      </input_file>
      <input_file id="fl-b3">
         <path>C:\ti\bios_5_42_01_09\packages\ti\bios\lib\</path>
         <kind>archive</kind>
         <file>bios.a67</file>
         <name>mem_init.o67</name>
      </input_file>
      <input_file id="fl-b4">
         <path>C:\ti\bios_5_42_01_09\packages\ti\bios\lib\</path>
         <kind>archive</kind>
         <file>bios.a67</file>
         <name>obj_init.o67</name>
      </input_file>
      <input_file id="fl-b5">
         <path>C:\ti\bios_5_42_01_09\packages\ti\rtdx\lib\c6000\</path>
         <kind>archive</kind>
         <file>rtdx.lib</file>
         <name>buffer2.o62</name>
      </input_file>
      <input_file id="fl-b6">
         <path>C:\ti\bios_5_42_01_09\packages\ti\rtdx\lib\c6000\</path>
         <kind>archive</kind>
         <file>rtdx.lib</file>
         <name>buffer1.o62</name>
      </input_file>
      <input_file id="fl-b7">
         <path>C:\ti\bios_5_42_01_09\packages\ti\rtdx\lib\c6000\</path>
         <kind>archive</kind>
         <file>rtdx.lib</file>
         <name>intr_tgt.o62</name>
      </input_file>
      <input_file id="fl-b8">
         <path>C:\ti\bios_5_42_01_09\packages\ti\rtdx\lib\c6000\</path>
         <kind>archive</kind>
         <file>rtdx.lib</file>
         <name>rtdx_mon.o62</name>
      </input_file>
      <input_file id="fl-b9">
         <path>C:\ti\bios_5_42_01_09\packages\ti\bios\lib\</path>
         <kind>archive</kind>
         <file>bios.a67</file>
         <name>sts_set.o67</name>
      </input_file>
      <input_file id="fl-ba">
         <path>C:\ti\bios_5_42_01_09\packages\ti\bios\lib\</path>
         <kind>archive</kind>
         <file>bios.a67</file>
         <name>tsk.o67</name>
      </input_file>
      <input_file id="fl-bb">
         <path>C:\ti\bios_5_42_01_09\packages\ti\bios\lib\</path>
         <kind>archive</kind>
         <file>bios.a67</file>
         <name>tsk_exit.o67</name>
      </input_file>
      <input_file id="fl-bc">
         <path>C:\ti\bios_5_42_01_09\packages\ti\bios\lib\</path>
         <kind>archive</kind>
         <file>bios.a67</file>
         <name>sys_exit.o67</name>
      </input_file>
      <input_file id="fl-bd">
         <path>C:\ti\bios_5_42_01_09\packages\ti\bios\lib\</path>
         <kind>archive</kind>
         <file>bios.a67</file>
         <name>sys.o67</name>
      </input_file>
      <input_file id="fl-be">
         <path>C:\ti\bios_5_42_01_09\packages\ti\bios\lib\</path>
         <kind>archive</kind>
         <file>bios.a67</file>
         <name>tsk_init.o67</name>
      </input_file>
      <input_file id="fl-bf">
         <path>C:\ti\bios_5_42_01_09\packages\ti\bios\lib\</path>
         <kind>archive</kind>
         <file>bios.a67</file>
         <name>tsk_setu.o67</name>
      </input_file>
      <input_file id="fl-c0">
         <path>C:\ti\bios_5_42_01_09\packages\ti\bios\lib\</path>
         <kind>archive</kind>
         <file>bios.a67</file>
         <name>tsk_stup.o67</name>
      </input_file>
      <input_file id="fl-c1">
         <path>C:\ti\bios_5_42_01_09\packages\ti\bios\lib\</path>
         <kind>archive</kind>
         <file>bios.a67</file>
         <name>lck.o67</name>
      </input_file>
      <input_file id="fl-c2">
         <path>C:\ti\bios_5_42_01_09\packages\ti\bios\lib\</path>
         <kind>archive</kind>
         <file>bios.a67</file>
         <name>sem_pend_counting.o67</name>
      </input_file>
      <input_file id="fl-c3">
         <path>C:\ti\bios_5_42_01_09\packages\ti\bios\lib\</path>
         <kind>archive</kind>
         <file>bios.a67</file>
         <name>sem_pend.o67</name>
      </input_file>
      <input_file id="fl-c4">
         <path>C:\ti\bios_5_42_01_09\packages\ti\bios\lib\</path>
         <kind>archive</kind>
         <file>bios.a67</file>
         <name>sem_post_asm.o67</name>
      </input_file>
      <input_file id="fl-c5">
         <path>C:\ti\bios_5_42_01_09\packages\ti\bios\lib\</path>
         <kind>archive</kind>
         <file>bios.a67</file>
         <name>sem_post.o67</name>
      </input_file>
      <input_file id="fl-c6">
         <path>C:\ti\bios_5_42_01_09\packages\ti\bios\lib\</path>
         <kind>archive</kind>
         <file>bios.a67</file>
         <name>sys_abor.o67</name>
      </input_file>
      <input_file id="fl-c7">
         <path>C:\ti\bios_5_42_01_09\packages\ti\bios\lib\</path>
         <kind>archive</kind>
         <file>bios.a67</file>
         <name>gbl_setL2CacheMode.o67</name>
      </input_file>
      <input_file id="fl-c8">
         <path>C:\ti\bios_5_42_01_09\packages\ti\bios\lib\</path>
         <kind>archive</kind>
         <file>bios.a67</file>
         <name>sem_dopo.o67</name>
      </input_file>
      <input_file id="fl-c9">
         <path>C:\ti\bios_5_42_01_09\packages\ti\bios\lib\</path>
         <kind>archive</kind>
         <file>bios.a67</file>
         <name>autoinit.o67</name>
      </input_file>
   </input_file_list>
   <object_component_list>
      <object_component id="oc-62">
         <name>.vers</name>
         <load_address>0x0</load_address>
         <run_address>0x0</run_address>
         <size>0x4c</size>
         <input_file_ref idref="fl-b"/>
      </object_component>
      <object_component id="oc-52">
         <name>.clk</name>
         <uninitialized>true</uninitialized>
         <run_address>0xb078</run_address>
         <size>0x8</size>
         <input_file_ref idref="fl-b"/>
      </object_component>
      <object_component id="oc-7">
         <name>HWI_A_VECS</name>
         <load_address>0x0</load_address>
         <run_address>0x0</run_address>
         <size>0x0</size>
      </object_component>
      <object_component id="oc-57">
         <name>.hwi_vec</name>
         <load_address>0x0</load_address>
         <run_address>0x0</run_address>
         <size>0x200</size>
         <input_file_ref idref="fl-b"/>
      </object_component>
      <object_component id="oc-58">
         <name>.swi</name>
         <uninitialized>true</uninitialized>
         <run_address>0xbb6c</run_address>
         <size>0x2c</size>
         <input_file_ref idref="fl-b"/>
      </object_component>
      <object_component id="oc-5b">
         <name>.tsk</name>
         <uninitialized>true</uninitialized>
         <run_address>0xba60</run_address>
         <size>0x60</size>
         <input_file_ref idref="fl-b"/>
      </object_component>
      <object_component id="oc-5e">
         <name>.idl</name>
         <uninitialized>true</uninitialized>
         <run_address>0xbbd8</run_address>
         <size>0x10</size>
         <input_file_ref idref="fl-b"/>
      </object_component>
      <object_component id="oc-5d">
         <name>.idlcal</name>
         <uninitialized>true</uninitialized>
         <run_address>0xbbe8</run_address>
         <size>0x10</size>
         <input_file_ref idref="fl-b"/>
      </object_component>
      <object_component id="oc-45">
         <name>.bss</name>
         <uninitialized>true</uninitialized>
         <run_address>0xafe0</run_address>
         <size>0x28</size>
         <input_file_ref idref="fl-b"/>
      </object_component>
      <object_component id="oc-66">
         <name>.bss</name>
         <uninitialized>true</uninitialized>
         <run_address>0xb074</run_address>
         <size>0x4</size>
         <input_file_ref idref="fl-c"/>
      </object_component>
      <object_component id="oc-6f">
         <name>.bss</name>
         <uninitialized>true</uninitialized>
         <run_address>0xae30</run_address>
         <size>0xcc</size>
         <input_file_ref idref="fl-89"/>
      </object_component>
      <object_component id="oc-71">
         <name>.bss</name>
         <uninitialized>true</uninitialized>
         <run_address>0xad30</run_address>
         <size>0x100</size>
         <input_file_ref idref="fl-8a"/>
      </object_component>
      <object_component id="oc-78">
         <name>.bss</name>
         <uninitialized>true</uninitialized>
         <run_address>0xb020</run_address>
         <size>0x18</size>
         <input_file_ref idref="fl-8c"/>
      </object_component>
      <object_component id="oc-7e">
         <name>.bss</name>
         <uninitialized>true</uninitialized>
         <run_address>0xaefc</run_address>
         <size>0x9c</size>
         <input_file_ref idref="fl-8d"/>
      </object_component>
      <object_component id="oc-ac">
         <name>.bss</name>
         <uninitialized>true</uninitialized>
         <run_address>0xb008</run_address>
         <size>0x18</size>
         <input_file_ref idref="fl-99"/>
      </object_component>
      <object_component id="oc-ae">
         <name>.bss</name>
         <uninitialized>true</uninitialized>
         <run_address>0xb06c</run_address>
         <size>0x4</size>
         <input_file_ref idref="fl-9a"/>
      </object_component>
      <object_component id="oc-da">
         <name>.bss</name>
         <uninitialized>true</uninitialized>
         <run_address>0xb054</run_address>
         <size>0x8</size>
         <input_file_ref idref="fl-a4"/>
      </object_component>
      <object_component id="oc-dd">
         <name>.bss</name>
         <uninitialized>true</uninitialized>
         <run_address>0xb064</run_address>
         <size>0x4</size>
         <input_file_ref idref="fl-a5"/>
      </object_component>
      <object_component id="oc-f8">
         <name>.bss</name>
         <uninitialized>true</uninitialized>
         <run_address>0xaf98</run_address>
         <size>0x48</size>
         <input_file_ref idref="fl-ac"/>
      </object_component>
      <object_component id="oc-111">
         <name>.bss</name>
         <uninitialized>true</uninitialized>
         <run_address>0xb070</run_address>
         <size>0x4</size>
         <input_file_ref idref="fl-b2"/>
      </object_component>
      <object_component id="oc-11f">
         <name>.bss</name>
         <uninitialized>true</uninitialized>
         <run_address>0xb038</run_address>
         <size>0x10</size>
         <input_file_ref idref="fl-b6"/>
      </object_component>
      <object_component id="oc-133">
         <name>.bss</name>
         <uninitialized>true</uninitialized>
         <run_address>0xb048</run_address>
         <size>0xc</size>
         <input_file_ref idref="fl-ba"/>
      </object_component>
      <object_component id="oc-141">
         <name>.bss</name>
         <uninitialized>true</uninitialized>
         <run_address>0xb05c</run_address>
         <size>0x8</size>
         <input_file_ref idref="fl-bd"/>
      </object_component>
      <object_component id="oc-16e">
         <name>.bss</name>
         <uninitialized>true</uninitialized>
         <run_address>0xb068</run_address>
         <size>0x4</size>
         <input_file_ref idref="fl-c7"/>
      </object_component>
      <object_component id="oc-8b">
         <name>.far</name>
         <uninitialized>true</uninitialized>
         <run_address>0xb4d8</run_address>
         <size>0x10</size>
         <input_file_ref idref="fl-90"/>
      </object_component>
      <object_component id="oc-98">
         <name>.far</name>
         <uninitialized>true</uninitialized>
         <run_address>0xb4e8</run_address>
         <size>0xc</size>
         <input_file_ref idref="fl-93"/>
      </object_component>
      <object_component id="oc-fb">
         <name>.far</name>
         <uninitialized>true</uninitialized>
         <run_address>0xb2e0</run_address>
         <size>0xd8</size>
         <input_file_ref idref="fl-ac"/>
      </object_component>
      <object_component id="oc-118">
         <name>.far</name>
         <uninitialized>true</uninitialized>
         <run_address>0xb414</run_address>
         <size>0x54</size>
         <input_file_ref idref="fl-b4"/>
      </object_component>
      <object_component id="oc-136">
         <name>.far</name>
         <uninitialized>true</uninitialized>
         <run_address>0xb3b8</run_address>
         <size>0x5c</size>
         <input_file_ref idref="fl-ba"/>
      </object_component>
      <object_component id="oc-144">
         <name>.far</name>
         <uninitialized>true</uninitialized>
         <run_address>0xb4b8</run_address>
         <size>0x20</size>
         <input_file_ref idref="fl-bd"/>
      </object_component>
      <object_component id="oc-151">
         <name>.far</name>
         <uninitialized>true</uninitialized>
         <run_address>0xb468</run_address>
         <size>0x50</size>
         <input_file_ref idref="fl-c0"/>
      </object_component>
      <object_component id="oc-4e">
         <name>.mem</name>
         <uninitialized>true</uninitialized>
         <run_address>0xa92c</run_address>
         <size>0x4</size>
         <input_file_ref idref="fl-b"/>
      </object_component>
      <object_component id="oc-7a">
         <name>.bios</name>
         <load_address>0x200</load_address>
         <run_address>0x200</run_address>
         <size>0x600</size>
         <input_file_ref idref="fl-8c"/>
      </object_component>
      <object_component id="oc-171">
         <name>.bios</name>
         <load_address>0x800</load_address>
         <run_address>0x800</run_address>
         <size>0x5e0</size>
         <input_file_ref idref="fl-c7"/>
      </object_component>
      <object_component id="oc-42">
         <name>.bios</name>
         <load_address>0xde0</load_address>
         <run_address>0xde0</run_address>
         <size>0x540</size>
         <input_file_ref idref="fl-8d"/>
      </object_component>
      <object_component id="oc-43">
         <name>.bios</name>
         <load_address>0x1320</load_address>
         <run_address>0x1320</run_address>
         <size>0x460</size>
         <input_file_ref idref="fl-8a"/>
      </object_component>
      <object_component id="oc-c9">
         <name>.bios</name>
         <load_address>0x1780</load_address>
         <run_address>0x1780</run_address>
         <size>0x3a0</size>
         <input_file_ref idref="fl-a0"/>
      </object_component>
      <object_component id="oc-10e">
         <name>.bios</name>
         <load_address>0x1b20</load_address>
         <run_address>0x1b20</run_address>
         <size>0x2c0</size>
         <input_file_ref idref="fl-b1"/>
      </object_component>
      <object_component id="oc-ce">
         <name>.bios</name>
         <load_address>0x1de0</load_address>
         <run_address>0x1de0</run_address>
         <size>0x2c0</size>
         <input_file_ref idref="fl-a1"/>
      </object_component>
      <object_component id="oc-15f">
         <name>.bios</name>
         <load_address>0x20a0</load_address>
         <run_address>0x20a0</run_address>
         <size>0x2c0</size>
         <input_file_ref idref="fl-c3"/>
      </object_component>
      <object_component id="oc-47">
         <name>.bios</name>
         <load_address>0x2360</load_address>
         <run_address>0x2360</run_address>
         <size>0x260</size>
         <input_file_ref idref="fl-90"/>
      </object_component>
      <object_component id="oc-c5">
         <name>.bios</name>
         <load_address>0x25c0</load_address>
         <run_address>0x25c0</run_address>
         <size>0x240</size>
         <input_file_ref idref="fl-9f"/>
      </object_component>
      <object_component id="oc-175">
         <name>.bios</name>
         <load_address>0x2800</load_address>
         <run_address>0x2800</run_address>
         <size>0x220</size>
         <input_file_ref idref="fl-c8"/>
      </object_component>
      <object_component id="oc-14b">
         <name>.bios</name>
         <load_address>0x2a20</load_address>
         <run_address>0x2a20</run_address>
         <size>0x200</size>
         <input_file_ref idref="fl-bf"/>
      </object_component>
      <object_component id="oc-bd">
         <name>.bios</name>
         <load_address>0x2c20</load_address>
         <run_address>0x2c20</run_address>
         <size>0x1c0</size>
         <input_file_ref idref="fl-9d"/>
      </object_component>
      <object_component id="oc-9e">
         <name>.bios</name>
         <load_address>0x2de0</load_address>
         <run_address>0x2de0</run_address>
         <size>0x1c0</size>
         <input_file_ref idref="fl-95"/>
      </object_component>
      <object_component id="oc-13a">
         <name>.bios</name>
         <load_address>0x2fa0</load_address>
         <run_address>0x2fa0</run_address>
         <size>0x1a0</size>
         <input_file_ref idref="fl-bb"/>
      </object_component>
      <object_component id="oc-179">
         <name>.bios</name>
         <load_address>0x3140</load_address>
         <run_address>0x3140</run_address>
         <size>0x180</size>
         <input_file_ref idref="fl-c9"/>
      </object_component>
      <object_component id="oc-152">
         <name>.bios</name>
         <load_address>0x32c0</load_address>
         <run_address>0x32c0</run_address>
         <size>0x180</size>
         <input_file_ref idref="fl-c0"/>
      </object_component>
      <object_component id="oc-101">
         <name>.bios</name>
         <load_address>0x3440</load_address>
         <run_address>0x3440</run_address>
         <size>0x140</size>
         <input_file_ref idref="fl-ae"/>
      </object_component>
      <object_component id="oc-ed">
         <name>.bios</name>
         <load_address>0x3580</load_address>
         <run_address>0x3580</run_address>
         <size>0xe0</size>
         <input_file_ref idref="fl-a9"/>
      </object_component>
      <object_component id="oc-fe">
         <name>.bios</name>
         <load_address>0x3660</load_address>
         <run_address>0x3660</run_address>
         <size>0xe0</size>
         <input_file_ref idref="fl-ad"/>
      </object_component>
      <object_component id="oc-167">
         <name>.bios</name>
         <load_address>0x3740</load_address>
         <run_address>0x3740</run_address>
         <size>0xe0</size>
         <input_file_ref idref="fl-c5"/>
      </object_component>
      <object_component id="oc-162">
         <name>.bios</name>
         <load_address>0x3820</load_address>
         <run_address>0x3820</run_address>
         <size>0xe0</size>
         <input_file_ref idref="fl-c4"/>
      </object_component>
      <object_component id="oc-e0">
         <name>.bios</name>
         <load_address>0x3900</load_address>
         <run_address>0x3900</run_address>
         <size>0xe0</size>
         <input_file_ref idref="fl-a6"/>
      </object_component>
      <object_component id="oc-10a">
         <name>.bios</name>
         <load_address>0x39e0</load_address>
         <run_address>0x39e0</run_address>
         <size>0xc0</size>
         <input_file_ref idref="fl-b0"/>
      </object_component>
      <object_component id="oc-106">
         <name>.bios</name>
         <load_address>0x3aa0</load_address>
         <run_address>0x3aa0</run_address>
         <size>0xc0</size>
         <input_file_ref idref="fl-af"/>
      </object_component>
      <object_component id="oc-157">
         <name>.bios</name>
         <load_address>0x3b60</load_address>
         <run_address>0x3b60</run_address>
         <size>0xc0</size>
         <input_file_ref idref="fl-c1"/>
      </object_component>
      <object_component id="oc-13e">
         <name>.bios</name>
         <load_address>0x3c20</load_address>
         <run_address>0x3c20</run_address>
         <size>0xc0</size>
         <input_file_ref idref="fl-bc"/>
      </object_component>
      <object_component id="oc-44">
         <name>.bios</name>
         <load_address>0x3ce0</load_address>
         <run_address>0x3ce0</run_address>
         <size>0xc0</size>
         <input_file_ref idref="fl-88"/>
      </object_component>
      <object_component id="oc-a2">
         <name>.bios</name>
         <load_address>0x3da0</load_address>
         <run_address>0x3da0</run_address>
         <size>0x80</size>
         <input_file_ref idref="fl-96"/>
      </object_component>
      <object_component id="oc-b0">
         <name>.bios</name>
         <load_address>0x3e20</load_address>
         <run_address>0x3e20</run_address>
         <size>0x80</size>
         <input_file_ref idref="fl-9a"/>
      </object_component>
      <object_component id="oc-c1">
         <name>.bios</name>
         <load_address>0x3ea0</load_address>
         <run_address>0x3ea0</run_address>
         <size>0x80</size>
         <input_file_ref idref="fl-9e"/>
      </object_component>
      <object_component id="oc-d6">
         <name>.bios</name>
         <load_address>0x3f20</load_address>
         <run_address>0x3f20</run_address>
         <size>0x80</size>
         <input_file_ref idref="fl-a3"/>
      </object_component>
      <object_component id="oc-b4">
         <name>.bios</name>
         <load_address>0x3fa0</load_address>
         <run_address>0x3fa0</run_address>
         <size>0x80</size>
         <input_file_ref idref="fl-9b"/>
      </object_component>
      <object_component id="oc-f4">
         <name>.bios</name>
         <load_address>0x4020</load_address>
         <run_address>0x4020</run_address>
         <size>0x60</size>
         <input_file_ref idref="fl-ab"/>
      </object_component>
      <object_component id="oc-15a">
         <name>.bios</name>
         <load_address>0x4080</load_address>
         <run_address>0x4080</run_address>
         <size>0x60</size>
         <input_file_ref idref="fl-c2"/>
      </object_component>
      <object_component id="oc-16b">
         <name>.bios</name>
         <load_address>0x40e0</load_address>
         <run_address>0x40e0</run_address>
         <size>0x60</size>
         <input_file_ref idref="fl-c6"/>
      </object_component>
      <object_component id="oc-46">
         <name>.bios</name>
         <load_address>0x4140</load_address>
         <run_address>0x4140</run_address>
         <size>0x60</size>
         <input_file_ref idref="fl-93"/>
      </object_component>
      <object_component id="oc-e4">
         <name>.bios</name>
         <load_address>0x41a0</load_address>
         <run_address>0x41a0</run_address>
         <size>0x60</size>
         <input_file_ref idref="fl-a7"/>
      </object_component>
      <object_component id="oc-3f">
         <name>.bios</name>
         <load_address>0x4200</load_address>
         <run_address>0x4200</run_address>
         <size>0x40</size>
         <input_file_ref idref="fl-8b"/>
      </object_component>
      <object_component id="oc-d2">
         <name>.bios</name>
         <load_address>0x4240</load_address>
         <run_address>0x4240</run_address>
         <size>0x40</size>
         <input_file_ref idref="fl-a2"/>
      </object_component>
      <object_component id="oc-3e">
         <name>.bios</name>
         <load_address>0x4280</load_address>
         <run_address>0x4280</run_address>
         <size>0x40</size>
         <input_file_ref idref="fl-91"/>
      </object_component>
      <object_component id="oc-e8">
         <name>.bios</name>
         <load_address>0x42c0</load_address>
         <run_address>0x42c0</run_address>
         <size>0x40</size>
         <input_file_ref idref="fl-a8"/>
      </object_component>
      <object_component id="oc-4a">
         <name>.bios</name>
         <load_address>0x4300</load_address>
         <run_address>0x4300</run_address>
         <size>0x20</size>
         <input_file_ref idref="fl-8e"/>
      </object_component>
      <object_component id="oc-f0">
         <name>.bios</name>
         <load_address>0x4320</load_address>
         <run_address>0x4320</run_address>
         <size>0x20</size>
         <input_file_ref idref="fl-aa"/>
      </object_component>
      <object_component id="oc-b8">
         <name>.bios</name>
         <load_address>0x4340</load_address>
         <run_address>0x4340</run_address>
         <size>0x20</size>
         <input_file_ref idref="fl-9c"/>
      </object_component>
      <object_component id="oc-12f">
         <name>.bios</name>
         <load_address>0x4360</load_address>
         <run_address>0x4360</run_address>
         <size>0x20</size>
         <input_file_ref idref="fl-b9"/>
      </object_component>
      <object_component id="oc-49">
         <name>.bios</name>
         <load_address>0x4380</load_address>
         <run_address>0x4380</run_address>
         <size>0x20</size>
         <input_file_ref idref="fl-92"/>
      </object_component>
      <object_component id="oc-48">
         <name>.bios</name>
         <load_address>0x43a0</load_address>
         <run_address>0x43a0</run_address>
         <size>0x20</size>
         <input_file_ref idref="fl-94"/>
      </object_component>
      <object_component id="oc-123">
         <name>.pinit</name>
         <load_address>0xb6f4</load_address>
         <run_address>0xb6f4</run_address>
         <size>0x4</size>
         <input_file_ref idref="fl-b6"/>
      </object_component>
      <object_component id="oc-12c">
         <name>.pinit</name>
         <load_address>0xb6f8</load_address>
         <run_address>0xb6f8</run_address>
         <size>0x4</size>
         <input_file_ref idref="fl-b8"/>
      </object_component>
      <object_component id="oc-51">
         <name>.sys</name>
         <uninitialized>true</uninitialized>
         <run_address>0xbbf8</run_address>
         <size>0x10</size>
         <input_file_ref idref="fl-b"/>
      </object_component>
      <object_component id="oc-40">
         <name>.text</name>
         <load_address>0xb080</load_address>
         <run_address>0xb080</run_address>
         <size>0x180</size>
         <input_file_ref idref="fl-8f"/>
      </object_component>
      <object_component id="oc-14e">
         <name>.text</name>
         <load_address>0xb200</load_address>
         <run_address>0xb200</run_address>
         <size>0xc0</size>
         <input_file_ref idref="fl-c0"/>
      </object_component>
      <object_component id="oc-17c">
         <name>.text</name>
         <load_address>0xb2c0</load_address>
         <run_address>0xb2c0</run_address>
         <size>0x20</size>
         <input_file_ref idref="fl-c"/>
      </object_component>
      <object_component id="oc-4f">
         <name>.cinit</name>
         <load_address>0x9260</load_address>
         <run_address>0x9260</run_address>
         <size>0x594</size>
         <input_file_ref idref="fl-b"/>
      </object_component>
      <object_component id="oc-70">
         <name>.cinit</name>
         <load_address>0x97f8</load_address>
         <run_address>0x97f8</run_address>
         <size>0x26c</size>
         <input_file_ref idref="fl-89"/>
      </object_component>
      <object_component id="oc-fa">
         <name>.cinit</name>
         <load_address>0x9a68</load_address>
         <run_address>0x9a68</run_address>
         <size>0x1a4</size>
         <input_file_ref idref="fl-ac"/>
      </object_component>
      <object_component id="oc-7f">
         <name>.cinit</name>
         <load_address>0x9c10</load_address>
         <run_address>0x9c10</run_address>
         <size>0xb0</size>
         <input_file_ref idref="fl-8d"/>
      </object_component>
      <object_component id="oc-135">
         <name>.cinit</name>
         <load_address>0x9cc0</load_address>
         <run_address>0x9cc0</run_address>
         <size>0x80</size>
         <input_file_ref idref="fl-ba"/>
      </object_component>
      <object_component id="oc-150">
         <name>.cinit</name>
         <load_address>0x9d40</load_address>
         <run_address>0x9d40</run_address>
         <size>0x60</size>
         <input_file_ref idref="fl-c0"/>
      </object_component>
      <object_component id="oc-79">
         <name>.cinit</name>
         <load_address>0x9da0</load_address>
         <run_address>0x9da0</run_address>
         <size>0x5c</size>
         <input_file_ref idref="fl-8c"/>
      </object_component>
      <object_component id="oc-cd">
         <name>.cinit</name>
         <load_address>0x9e00</load_address>
         <run_address>0x9e00</run_address>
         <size>0x4c</size>
         <input_file_ref idref="fl-a1"/>
      </object_component>
      <object_component id="oc-121">
         <name>.cinit</name>
         <load_address>0x9e50</load_address>
         <run_address>0x9e50</run_address>
         <size>0x4c</size>
         <input_file_ref idref="fl-b6"/>
      </object_component>
      <object_component id="oc-ad">
         <name>.cinit</name>
         <load_address>0x9ea0</load_address>
         <run_address>0x9ea0</run_address>
         <size>0x34</size>
         <input_file_ref idref="fl-99"/>
      </object_component>
      <object_component id="oc-97">
         <name>.cinit</name>
         <load_address>0x9ed8</load_address>
         <run_address>0x9ed8</run_address>
         <size>0x2c</size>
         <input_file_ref idref="fl-93"/>
      </object_component>
      <object_component id="oc-117">
         <name>.cinit</name>
         <load_address>0x9f08</load_address>
         <run_address>0x9f08</run_address>
         <size>0x24</size>
         <input_file_ref idref="fl-b4"/>
      </object_component>
      <object_component id="oc-143">
         <name>.cinit</name>
         <load_address>0x9f30</load_address>
         <run_address>0x9f30</run_address>
         <size>0x1c</size>
         <input_file_ref idref="fl-bd"/>
      </object_component>
      <object_component id="oc-8a">
         <name>.cinit</name>
         <load_address>0x9f50</load_address>
         <run_address>0x9f50</run_address>
         <size>0x18</size>
         <input_file_ref idref="fl-90"/>
      </object_component>
      <object_component id="oc-170">
         <name>.cinit</name>
         <load_address>0x9f68</load_address>
         <run_address>0x9f68</run_address>
         <size>0xc</size>
         <input_file_ref idref="fl-c7"/>
      </object_component>
      <object_component id="oc-af">
         <name>.cinit</name>
         <load_address>0x9f78</load_address>
         <run_address>0x9f78</run_address>
         <size>0xc</size>
         <input_file_ref idref="fl-9a"/>
      </object_component>
      <object_component id="oc-bc">
         <name>.cinit</name>
         <load_address>0x9f88</load_address>
         <run_address>0x9f88</run_address>
         <size>0xc</size>
         <input_file_ref idref="fl-9d"/>
      </object_component>
      <object_component id="oc-68">
         <name>.cinit</name>
         <load_address>0x9f98</load_address>
         <run_address>0x9f98</run_address>
         <size>0xc</size>
         <input_file_ref idref="fl-c"/>
      </object_component>
      <object_component id="oc-183">
         <name>.switch</name>
         <load_address>0xbb98</load_address>
         <run_address>0xbb98</run_address>
         <size>0x28</size>
         <input_file_ref idref="fl-b8"/>
      </object_component>
      <object_component id="oc-4d">
         <name>.gblinit</name>
         <load_address>0xbac0</load_address>
         <run_address>0xbac0</run_address>
         <size>0x40</size>
         <input_file_ref idref="fl-b"/>
      </object_component>
      <object_component id="oc-61">
         <name>.sysinit</name>
         <load_address>0x9fc0</load_address>
         <run_address>0x9fc0</run_address>
         <size>0x2e0</size>
         <input_file_ref idref="fl-b"/>
      </object_component>
      <object_component id="oc-113">
         <name>.sysinit</name>
         <load_address>0xa2a0</load_address>
         <run_address>0xa2a0</run_address>
         <size>0xe0</size>
         <input_file_ref idref="fl-b3"/>
      </object_component>
      <object_component id="oc-41">
         <name>.sysinit</name>
         <load_address>0xa380</load_address>
         <run_address>0xa380</run_address>
         <size>0xc0</size>
         <input_file_ref idref="fl-97"/>
      </object_component>
      <object_component id="oc-147">
         <name>.sysinit</name>
         <load_address>0xa440</load_address>
         <run_address>0xa440</run_address>
         <size>0x80</size>
         <input_file_ref idref="fl-be"/>
      </object_component>
      <object_component id="oc-119">
         <name>.sysinit</name>
         <load_address>0xa4c0</load_address>
         <run_address>0xa4c0</run_address>
         <size>0x20</size>
         <input_file_ref idref="fl-b4"/>
      </object_component>
      <object_component id="oc-ab">
         <name>.trcdata</name>
         <load_address>0xbc08</load_address>
         <run_address>0xbc08</run_address>
         <size>0xc</size>
         <input_file_ref idref="fl-98"/>
      </object_component>
      <object_component id="oc-50">
         <name>.rtdx_data</name>
         <uninitialized>true</uninitialized>
         <run_address>0xa4e0</run_address>
         <size>0x410</size>
         <input_file_ref idref="fl-b"/>
      </object_component>
      <object_component id="oc-122">
         <name>.rtdx_data</name>
         <uninitialized>true</uninitialized>
         <run_address>0xa8f0</run_address>
         <size>0x20</size>
         <input_file_ref idref="fl-b6"/>
      </object_component>
      <object_component id="oc-12b">
         <name>.rtdx_data</name>
         <uninitialized>true</uninitialized>
         <run_address>0xa910</run_address>
         <size>0x1c</size>
         <input_file_ref idref="fl-b8"/>
      </object_component>
      <object_component id="oc-17d">
         <name>.rtdx_text:_RTDX_Poll</name>
         <load_address>0x83c0</load_address>
         <run_address>0x83c0</run_address>
         <size>0x400</size>
         <input_file_ref idref="fl-b8"/>
      </object_component>
      <object_component id="oc-185">
         <name>.rtdx_text:_RTDX_Buffer_WriteCB</name>
         <load_address>0x87c0</load_address>
         <run_address>0x87c0</run_address>
         <size>0x340</size>
         <input_file_ref idref="fl-b6"/>
      </object_component>
      <object_component id="oc-189">
         <name>.rtdx_text:_RTDX_write_next</name>
         <load_address>0x8b00</load_address>
         <run_address>0x8b00</run_address>
         <size>0x300</size>
         <input_file_ref idref="fl-b6"/>
      </object_component>
      <object_component id="oc-18a">
         <name>.rtdx_text:_RTDX_Mon_Queue</name>
         <load_address>0x8e00</load_address>
         <run_address>0x8e00</run_address>
         <size>0x140</size>
         <input_file_ref idref="fl-b8"/>
      </object_component>
      <object_component id="oc-188">
         <name>.rtdx_text:_claim</name>
         <load_address>0x8f40</load_address>
         <run_address>0x8f40</run_address>
         <size>0xe0</size>
         <input_file_ref idref="fl-b6"/>
      </object_component>
      <object_component id="oc-181">
         <name>.rtdx_text:_RTDX_Init_RT_Monitor</name>
         <load_address>0x9020</load_address>
         <run_address>0x9020</run_address>
         <size>0x80</size>
         <input_file_ref idref="fl-b8"/>
      </object_component>
      <object_component id="oc-180">
         <name>.rtdx_text:_RTDX_Buffer_Initialize</name>
         <load_address>0x90a0</load_address>
         <run_address>0x90a0</run_address>
         <size>0x60</size>
         <input_file_ref idref="fl-b6"/>
      </object_component>
      <object_component id="oc-184">
         <name>.rtdx_text:_RTDX_Buffer_ReadCB</name>
         <load_address>0x9100</load_address>
         <run_address>0x9100</run_address>
         <size>0x60</size>
         <input_file_ref idref="fl-b5"/>
      </object_component>
      <object_component id="oc-187">
         <name>.rtdx_text:_RTDX_Buffer_Size</name>
         <load_address>0x9160</load_address>
         <run_address>0x9160</run_address>
         <size>0x40</size>
         <input_file_ref idref="fl-b6"/>
      </object_component>
      <object_component id="oc-186">
         <name>.rtdx_text:_RTDX_Final_RT_Monitor</name>
         <load_address>0x91a0</load_address>
         <run_address>0x91a0</run_address>
         <size>0x40</size>
         <input_file_ref idref="fl-b8"/>
      </object_component>
      <object_component id="oc-17e">
         <name>.rtdx_text:_RTDX_Buffer_Read</name>
         <load_address>0x91e0</load_address>
         <run_address>0x91e0</run_address>
         <size>0x20</size>
         <input_file_ref idref="fl-b5"/>
      </object_component>
      <object_component id="oc-17f">
         <name>.rtdx_text:_RTDX_Buffer_Write</name>
         <load_address>0x9200</load_address>
         <run_address>0x9200</run_address>
         <size>0x20</size>
         <input_file_ref idref="fl-b6"/>
      </object_component>
      <object_component id="oc-182">
         <name>.rtdx_text:_RTDX_checksum</name>
         <load_address>0x9220</load_address>
         <run_address>0x9220</run_address>
         <size>0x20</size>
         <input_file_ref idref="fl-b8"/>
      </object_component>
      <object_component id="oc-127">
         <name>.rtdx_text</name>
         <load_address>0x9240</load_address>
         <run_address>0x9240</run_address>
         <size>0x20</size>
         <input_file_ref idref="fl-b7"/>
      </object_component>
      <object_component id="oc-5c">
         <name>.TSK_idle$stk</name>
         <uninitialized>true</uninitialized>
         <run_address>0xa930</run_address>
         <size>0x400</size>
         <input_file_ref idref="fl-b"/>
      </object_component>
      <object_component id="oc-5f">
         <name>.LOG_system$buf</name>
         <uninitialized>true</uninitialized>
         <run_address>0xb700</run_address>
         <size>0x100</size>
         <input_file_ref idref="fl-b"/>
      </object_component>
      <object_component id="oc-53">
         <name>.hst1</name>
         <uninitialized>true</uninitialized>
         <run_address>0x9fac</run_address>
         <size>0x10</size>
         <input_file_ref idref="fl-b"/>
      </object_component>
      <object_component id="oc-56">
         <name>.hst0</name>
         <uninitialized>true</uninitialized>
         <run_address>0xb800</run_address>
         <size>0x100</size>
         <input_file_ref idref="fl-b"/>
      </object_component>
      <object_component id="oc-153">
         <name>.const</name>
         <load_address>0xb9c8</load_address>
         <run_address>0xb9c8</run_address>
         <size>0x4e</size>
         <input_file_ref idref="fl-c0"/>
      </object_component>
      <object_component id="oc-8f">
         <name>.const</name>
         <load_address>0xba16</load_address>
         <run_address>0xba16</run_address>
         <size>0x23</size>
         <input_file_ref idref="fl-91"/>
      </object_component>
      <object_component id="oc-93">
         <name>.const</name>
         <load_address>0xba39</load_address>
         <run_address>0xba39</run_address>
         <size>0x22</size>
         <input_file_ref idref="fl-92"/>
      </object_component>
      <object_component id="oc-137">
         <name>.const</name>
         <load_address>0xba5c</load_address>
         <run_address>0xba5c</run_address>
         <size>0x1</size>
         <input_file_ref idref="fl-ba"/>
      </object_component>
      <object_component id="oc-59">
         <name>.printf</name>
         <load_address>0xba5d</load_address>
         <run_address>0xba5d</run_address>
         <size>0x3f</size>
         <input_file_ref idref="fl-b"/>
      </object_component>
      <object_component id="oc-a7">
         <name>.args</name>
         <load_address>0x9fbc</load_address>
         <run_address>0x9fbc</run_address>
         <size>0x0</size>
         <input_file_ref idref="fl-97"/>
      </object_component>
      <object_component id="oc-32">
         <name>_SYS_PUTCBEG</name>
         <load_address>0xb4f4</load_address>
         <run_address>0xb4f4</run_address>
         <size>0x0</size>
      </object_component>
      <object_component id="oc-34">
         <name>_SYS_PUTCEND</name>
         <load_address>0xb6f4</load_address>
         <run_address>0xb6f4</run_address>
         <size>0x0</size>
      </object_component>
      <object_component id="oc-54">
         <name>.hst</name>
         <uninitialized>true</uninitialized>
         <run_address>0xbb00</run_address>
         <size>0x3c</size>
         <input_file_ref idref="fl-b"/>
      </object_component>
      <object_component id="oc-60">
         <name>.log</name>
         <load_address>0xbbc0</load_address>
         <run_address>0xbbc0</run_address>
         <size>0x18</size>
         <input_file_ref idref="fl-b"/>
      </object_component>
      <object_component id="oc-55">
         <name>.pip</name>
         <uninitialized>true</uninitialized>
         <run_address>0xb900</run_address>
         <size>0xc8</size>
         <input_file_ref idref="fl-b"/>
      </object_component>
      <object_component id="oc-5a">
         <name>.sts</name>
         <load_address>0xbb3c</load_address>
         <run_address>0xbb3c</run_address>
         <size>0x30</size>
         <input_file_ref idref="fl-b"/>
      </object_component>
      <object_component id="oc-3a">
         <name>GBL_stackbeg</name>
         <uninitialized>true</uninitialized>
         <run_address>0x43c0</run_address>
         <size>0x0</size>
      </object_component>
      <object_component id="oc-a8">
         <name>.stack</name>
         <uninitialized>true</uninitialized>
         <run_address>0x43c0</run_address>
         <size>0x0</size>
         <input_file_ref idref="fl-97"/>
      </object_component>
      <object_component id="oc-1c1">
         <name>.stack</name>
         <uninitialized>true</uninitialized>
         <run_address>0x43c0</run_address>
         <size>0x0</size>
      </object_component>
      <object_component id="oc-4b">
         <name>.debug_info</name>
         <load_address>0x0</load_address>
         <run_address>0x0</run_address>
         <size>0x60e</size>
         <input_file_ref idref="fl-a"/>
      </object_component>
      <object_component id="oc-63">
         <name>.debug_info</name>
         <load_address>0x60e</load_address>
         <run_address>0x60e</run_address>
         <size>0x46b</size>
         <input_file_ref idref="fl-b"/>
      </object_component>
      <object_component id="oc-67">
         <name>.debug_info</name>
         <load_address>0xa79</load_address>
         <run_address>0xa79</run_address>
         <size>0x668</size>
         <input_file_ref idref="fl-c"/>
      </object_component>
      <object_component id="oc-6c">
         <name>.debug_info</name>
         <load_address>0x10e1</load_address>
         <run_address>0x10e1</run_address>
         <size>0xf8</size>
         <input_file_ref idref="fl-88"/>
      </object_component>
      <object_component id="oc-72">
         <name>.debug_info</name>
         <load_address>0x11d9</load_address>
         <run_address>0x11d9</run_address>
         <size>0xb9</size>
         <input_file_ref idref="fl-8a"/>
      </object_component>
      <object_component id="oc-75">
         <name>.debug_info</name>
         <load_address>0x1292</load_address>
         <run_address>0x1292</run_address>
         <size>0xaf</size>
         <input_file_ref idref="fl-8b"/>
      </object_component>
      <object_component id="oc-7b">
         <name>.debug_info</name>
         <load_address>0x1341</load_address>
         <run_address>0x1341</run_address>
         <size>0x1a5</size>
         <input_file_ref idref="fl-8c"/>
      </object_component>
      <object_component id="oc-80">
         <name>.debug_info</name>
         <load_address>0x14e6</load_address>
         <run_address>0x14e6</run_address>
         <size>0x13c</size>
         <input_file_ref idref="fl-8d"/>
      </object_component>
      <object_component id="oc-83">
         <name>.debug_info</name>
         <load_address>0x1622</load_address>
         <run_address>0x1622</run_address>
         <size>0x607</size>
         <input_file_ref idref="fl-8e"/>
      </object_component>
      <object_component id="oc-86">
         <name>.debug_info</name>
         <load_address>0x1c29</load_address>
         <run_address>0x1c29</run_address>
         <size>0x6f0</size>
         <input_file_ref idref="fl-8f"/>
      </object_component>
      <object_component id="oc-89">
         <name>.debug_info</name>
         <load_address>0x2319</load_address>
         <run_address>0x2319</run_address>
         <size>0xf1f</size>
         <input_file_ref idref="fl-90"/>
      </object_component>
      <object_component id="oc-8e">
         <name>.debug_info</name>
         <load_address>0x3238</load_address>
         <run_address>0x3238</run_address>
         <size>0x7fd</size>
         <input_file_ref idref="fl-91"/>
      </object_component>
      <object_component id="oc-92">
         <name>.debug_info</name>
         <load_address>0x3a35</load_address>
         <run_address>0x3a35</run_address>
         <size>0x7ea</size>
         <input_file_ref idref="fl-92"/>
      </object_component>
      <object_component id="oc-96">
         <name>.debug_info</name>
         <load_address>0x421f</load_address>
         <run_address>0x421f</run_address>
         <size>0x6d9</size>
         <input_file_ref idref="fl-93"/>
      </object_component>
      <object_component id="oc-9b">
         <name>.debug_info</name>
         <load_address>0x48f8</load_address>
         <run_address>0x48f8</run_address>
         <size>0x690</size>
         <input_file_ref idref="fl-94"/>
      </object_component>
      <object_component id="oc-9f">
         <name>.debug_info</name>
         <load_address>0x4f88</load_address>
         <run_address>0x4f88</run_address>
         <size>0x112</size>
         <input_file_ref idref="fl-95"/>
      </object_component>
      <object_component id="oc-a3">
         <name>.debug_info</name>
         <load_address>0x509a</load_address>
         <run_address>0x509a</run_address>
         <size>0x106</size>
         <input_file_ref idref="fl-96"/>
      </object_component>
      <object_component id="oc-a6">
         <name>.debug_info</name>
         <load_address>0x51a0</load_address>
         <run_address>0x51a0</run_address>
         <size>0x65a</size>
         <input_file_ref idref="fl-97"/>
      </object_component>
      <object_component id="oc-b1">
         <name>.debug_info</name>
         <load_address>0x57fa</load_address>
         <run_address>0x57fa</run_address>
         <size>0xaf</size>
         <input_file_ref idref="fl-9a"/>
      </object_component>
      <object_component id="oc-b5">
         <name>.debug_info</name>
         <load_address>0x58a9</load_address>
         <run_address>0x58a9</run_address>
         <size>0xb8</size>
         <input_file_ref idref="fl-9b"/>
      </object_component>
      <object_component id="oc-b9">
         <name>.debug_info</name>
         <load_address>0x5961</load_address>
         <run_address>0x5961</run_address>
         <size>0xaa</size>
         <input_file_ref idref="fl-9c"/>
      </object_component>
      <object_component id="oc-be">
         <name>.debug_info</name>
         <load_address>0x5a0b</load_address>
         <run_address>0x5a0b</run_address>
         <size>0x11b</size>
         <input_file_ref idref="fl-9d"/>
      </object_component>
      <object_component id="oc-c2">
         <name>.debug_info</name>
         <load_address>0x5b26</load_address>
         <run_address>0x5b26</run_address>
         <size>0xaa</size>
         <input_file_ref idref="fl-9e"/>
      </object_component>
      <object_component id="oc-c6">
         <name>.debug_info</name>
         <load_address>0x5bd0</load_address>
         <run_address>0x5bd0</run_address>
         <size>0x10c</size>
         <input_file_ref idref="fl-9f"/>
      </object_component>
      <object_component id="oc-ca">
         <name>.debug_info</name>
         <load_address>0x5cdc</load_address>
         <run_address>0x5cdc</run_address>
         <size>0xd8</size>
         <input_file_ref idref="fl-a0"/>
      </object_component>
      <object_component id="oc-cf">
         <name>.debug_info</name>
         <load_address>0x5db4</load_address>
         <run_address>0x5db4</run_address>
         <size>0x1c2</size>
         <input_file_ref idref="fl-a1"/>
      </object_component>
      <object_component id="oc-d3">
         <name>.debug_info</name>
         <load_address>0x5f76</load_address>
         <run_address>0x5f76</run_address>
         <size>0xdb</size>
         <input_file_ref idref="fl-a2"/>
      </object_component>
      <object_component id="oc-d7">
         <name>.debug_info</name>
         <load_address>0x6051</load_address>
         <run_address>0x6051</run_address>
         <size>0x106</size>
         <input_file_ref idref="fl-a3"/>
      </object_component>
      <object_component id="oc-db">
         <name>.debug_info</name>
         <load_address>0x6157</load_address>
         <run_address>0x6157</run_address>
         <size>0x60b</size>
         <input_file_ref idref="fl-a4"/>
      </object_component>
      <object_component id="oc-de">
         <name>.debug_info</name>
         <load_address>0x6762</load_address>
         <run_address>0x6762</run_address>
         <size>0x5e5</size>
         <input_file_ref idref="fl-a5"/>
      </object_component>
      <object_component id="oc-e1">
         <name>.debug_info</name>
         <load_address>0x6d47</load_address>
         <run_address>0x6d47</run_address>
         <size>0xb7</size>
         <input_file_ref idref="fl-a6"/>
      </object_component>
      <object_component id="oc-e5">
         <name>.debug_info</name>
         <load_address>0x6dfe</load_address>
         <run_address>0x6dfe</run_address>
         <size>0xb4</size>
         <input_file_ref idref="fl-a7"/>
      </object_component>
      <object_component id="oc-e9">
         <name>.debug_info</name>
         <load_address>0x6eb2</load_address>
         <run_address>0x6eb2</run_address>
         <size>0xb1</size>
         <input_file_ref idref="fl-a8"/>
      </object_component>
      <object_component id="oc-ec">
         <name>.debug_info</name>
         <load_address>0x6f63</load_address>
         <run_address>0x6f63</run_address>
         <size>0x7ee</size>
         <input_file_ref idref="fl-a9"/>
      </object_component>
      <object_component id="oc-f1">
         <name>.debug_info</name>
         <load_address>0x7751</load_address>
         <run_address>0x7751</run_address>
         <size>0xb9</size>
         <input_file_ref idref="fl-aa"/>
      </object_component>
      <object_component id="oc-f5">
         <name>.debug_info</name>
         <load_address>0x780a</load_address>
         <run_address>0x780a</run_address>
         <size>0x116</size>
         <input_file_ref idref="fl-ab"/>
      </object_component>
      <object_component id="oc-f9">
         <name>.debug_info</name>
         <load_address>0x7920</load_address>
         <run_address>0x7920</run_address>
         <size>0xbd9</size>
         <input_file_ref idref="fl-ac"/>
      </object_component>
      <object_component id="oc-fd">
         <name>.debug_info</name>
         <load_address>0x84f9</load_address>
         <run_address>0x84f9</run_address>
         <size>0xbb1</size>
         <input_file_ref idref="fl-ad"/>
      </object_component>
      <object_component id="oc-102">
         <name>.debug_info</name>
         <load_address>0x90aa</load_address>
         <run_address>0x90aa</run_address>
         <size>0x109</size>
         <input_file_ref idref="fl-ae"/>
      </object_component>
      <object_component id="oc-105">
         <name>.debug_info</name>
         <load_address>0x91b3</load_address>
         <run_address>0x91b3</run_address>
         <size>0x8c8</size>
         <input_file_ref idref="fl-af"/>
      </object_component>
      <object_component id="oc-109">
         <name>.debug_info</name>
         <load_address>0x9a7b</load_address>
         <run_address>0x9a7b</run_address>
         <size>0x981</size>
         <input_file_ref idref="fl-b0"/>
      </object_component>
      <object_component id="oc-10d">
         <name>.debug_info</name>
         <load_address>0xa3fc</load_address>
         <run_address>0xa3fc</run_address>
         <size>0xe4a</size>
         <input_file_ref idref="fl-b1"/>
      </object_component>
      <object_component id="oc-112">
         <name>.debug_info</name>
         <load_address>0xb246</load_address>
         <run_address>0xb246</run_address>
         <size>0x7cc</size>
         <input_file_ref idref="fl-b3"/>
      </object_component>
      <object_component id="oc-116">
         <name>.debug_info</name>
         <load_address>0xba12</load_address>
         <run_address>0xba12</run_address>
         <size>0x6b8</size>
         <input_file_ref idref="fl-b4"/>
      </object_component>
      <object_component id="oc-11c">
         <name>.debug_info</name>
         <load_address>0xc0ca</load_address>
         <run_address>0xc0ca</run_address>
         <size>0xa7f</size>
         <input_file_ref idref="fl-b5"/>
      </object_component>
      <object_component id="oc-120">
         <name>.debug_info</name>
         <load_address>0xcb49</load_address>
         <run_address>0xcb49</run_address>
         <size>0x1201</size>
         <input_file_ref idref="fl-b6"/>
      </object_component>
      <object_component id="oc-126">
         <name>.debug_info</name>
         <load_address>0xdd4a</load_address>
         <run_address>0xdd4a</run_address>
         <size>0x5c1</size>
         <input_file_ref idref="fl-b7"/>
      </object_component>
      <object_component id="oc-12a">
         <name>.debug_info</name>
         <load_address>0xe30b</load_address>
         <run_address>0xe30b</run_address>
         <size>0xc80</size>
         <input_file_ref idref="fl-b8"/>
      </object_component>
      <object_component id="oc-130">
         <name>.debug_info</name>
         <load_address>0xef8b</load_address>
         <run_address>0xef8b</run_address>
         <size>0xaa</size>
         <input_file_ref idref="fl-b9"/>
      </object_component>
      <object_component id="oc-134">
         <name>.debug_info</name>
         <load_address>0xf035</load_address>
         <run_address>0xf035</run_address>
         <size>0xa57</size>
         <input_file_ref idref="fl-ba"/>
      </object_component>
      <object_component id="oc-139">
         <name>.debug_info</name>
         <load_address>0xfa8c</load_address>
         <run_address>0xfa8c</run_address>
         <size>0xda7</size>
         <input_file_ref idref="fl-bb"/>
      </object_component>
      <object_component id="oc-13d">
         <name>.debug_info</name>
         <load_address>0x10833</load_address>
         <run_address>0x10833</run_address>
         <size>0x7a6</size>
         <input_file_ref idref="fl-bc"/>
      </object_component>
      <object_component id="oc-142">
         <name>.debug_info</name>
         <load_address>0x10fd9</load_address>
         <run_address>0x10fd9</run_address>
         <size>0x659</size>
         <input_file_ref idref="fl-bd"/>
      </object_component>
      <object_component id="oc-146">
         <name>.debug_info</name>
         <load_address>0x11632</load_address>
         <run_address>0x11632</run_address>
         <size>0x970</size>
         <input_file_ref idref="fl-be"/>
      </object_component>
      <object_component id="oc-14a">
         <name>.debug_info</name>
         <load_address>0x11fa2</load_address>
         <run_address>0x11fa2</run_address>
         <size>0xcf1</size>
         <input_file_ref idref="fl-bf"/>
      </object_component>
      <object_component id="oc-14f">
         <name>.debug_info</name>
         <load_address>0x12c93</load_address>
         <run_address>0x12c93</run_address>
         <size>0xfe5</size>
         <input_file_ref idref="fl-c0"/>
      </object_component>
      <object_component id="oc-156">
         <name>.debug_info</name>
         <load_address>0x13c78</load_address>
         <run_address>0x13c78</run_address>
         <size>0xbb3</size>
         <input_file_ref idref="fl-c1"/>
      </object_component>
      <object_component id="oc-15b">
         <name>.debug_info</name>
         <load_address>0x1482b</load_address>
         <run_address>0x1482b</run_address>
         <size>0xb6</size>
         <input_file_ref idref="fl-c2"/>
      </object_component>
      <object_component id="oc-15e">
         <name>.debug_info</name>
         <load_address>0x148e1</load_address>
         <run_address>0x148e1</run_address>
         <size>0x1032</size>
         <input_file_ref idref="fl-c3"/>
      </object_component>
      <object_component id="oc-163">
         <name>.debug_info</name>
         <load_address>0x15913</load_address>
         <run_address>0x15913</run_address>
         <size>0xbd</size>
         <input_file_ref idref="fl-c4"/>
      </object_component>
      <object_component id="oc-166">
         <name>.debug_info</name>
         <load_address>0x159d0</load_address>
         <run_address>0x159d0</run_address>
         <size>0xc5e</size>
         <input_file_ref idref="fl-c5"/>
      </object_component>
      <object_component id="oc-16a">
         <name>.debug_info</name>
         <load_address>0x1662e</load_address>
         <run_address>0x1662e</run_address>
         <size>0x723</size>
         <input_file_ref idref="fl-c6"/>
      </object_component>
      <object_component id="oc-16f">
         <name>.debug_info</name>
         <load_address>0x16d51</load_address>
         <run_address>0x16d51</run_address>
         <size>0xdd7</size>
         <input_file_ref idref="fl-c7"/>
      </object_component>
      <object_component id="oc-174">
         <name>.debug_info</name>
         <load_address>0x17b28</load_address>
         <run_address>0x17b28</run_address>
         <size>0xd12</size>
         <input_file_ref idref="fl-c8"/>
      </object_component>
      <object_component id="oc-178">
         <name>.debug_info</name>
         <load_address>0x1883a</load_address>
         <run_address>0x1883a</run_address>
         <size>0x821</size>
         <input_file_ref idref="fl-c9"/>
      </object_component>
      <object_component id="oc-1c2">
         <name>.debug_info</name>
         <load_address>0x1905b</load_address>
         <run_address>0x1905b</run_address>
         <size>0x6d</size>
      </object_component>
      <object_component id="oc-4c">
         <name>.debug_abbrev</name>
         <load_address>0x0</load_address>
         <run_address>0x0</run_address>
         <size>0x34</size>
         <input_file_ref idref="fl-a"/>
      </object_component>
      <object_component id="oc-65">
         <name>.debug_abbrev</name>
         <load_address>0x34</load_address>
         <run_address>0x34</run_address>
         <size>0x20</size>
         <input_file_ref idref="fl-b"/>
      </object_component>
      <object_component id="oc-6b">
         <name>.debug_abbrev</name>
         <load_address>0x54</load_address>
         <run_address>0x54</run_address>
         <size>0x89</size>
         <input_file_ref idref="fl-c"/>
      </object_component>
      <object_component id="oc-6e">
         <name>.debug_abbrev</name>
         <load_address>0xdd</load_address>
         <run_address>0xdd</run_address>
         <size>0x2a</size>
         <input_file_ref idref="fl-88"/>
      </object_component>
      <object_component id="oc-74">
         <name>.debug_abbrev</name>
         <load_address>0x107</load_address>
         <run_address>0x107</run_address>
         <size>0x2a</size>
         <input_file_ref idref="fl-8a"/>
      </object_component>
      <object_component id="oc-77">
         <name>.debug_abbrev</name>
         <load_address>0x131</load_address>
         <run_address>0x131</run_address>
         <size>0x2a</size>
         <input_file_ref idref="fl-8b"/>
      </object_component>
      <object_component id="oc-7d">
         <name>.debug_abbrev</name>
         <load_address>0x15b</load_address>
         <run_address>0x15b</run_address>
         <size>0x2a</size>
         <input_file_ref idref="fl-8c"/>
      </object_component>
      <object_component id="oc-82">
         <name>.debug_abbrev</name>
         <load_address>0x185</load_address>
         <run_address>0x185</run_address>
         <size>0x2a</size>
         <input_file_ref idref="fl-8d"/>
      </object_component>
      <object_component id="oc-85">
         <name>.debug_abbrev</name>
         <load_address>0x1af</load_address>
         <run_address>0x1af</run_address>
         <size>0x75</size>
         <input_file_ref idref="fl-8e"/>
      </object_component>
      <object_component id="oc-88">
         <name>.debug_abbrev</name>
         <load_address>0x224</load_address>
         <run_address>0x224</run_address>
         <size>0xaa</size>
         <input_file_ref idref="fl-8f"/>
      </object_component>
      <object_component id="oc-8d">
         <name>.debug_abbrev</name>
         <load_address>0x2ce</load_address>
         <run_address>0x2ce</run_address>
         <size>0x179</size>
         <input_file_ref idref="fl-90"/>
      </object_component>
      <object_component id="oc-91">
         <name>.debug_abbrev</name>
         <load_address>0x447</load_address>
         <run_address>0x447</run_address>
         <size>0x104</size>
         <input_file_ref idref="fl-91"/>
      </object_component>
      <object_component id="oc-95">
         <name>.debug_abbrev</name>
         <load_address>0x54b</load_address>
         <run_address>0x54b</run_address>
         <size>0xe1</size>
         <input_file_ref idref="fl-92"/>
      </object_component>
      <object_component id="oc-9a">
         <name>.debug_abbrev</name>
         <load_address>0x62c</load_address>
         <run_address>0x62c</run_address>
         <size>0xbc</size>
         <input_file_ref idref="fl-93"/>
      </object_component>
      <object_component id="oc-9d">
         <name>.debug_abbrev</name>
         <load_address>0x6e8</load_address>
         <run_address>0x6e8</run_address>
         <size>0xb6</size>
         <input_file_ref idref="fl-94"/>
      </object_component>
      <object_component id="oc-a1">
         <name>.debug_abbrev</name>
         <load_address>0x79e</load_address>
         <run_address>0x79e</run_address>
         <size>0x2a</size>
         <input_file_ref idref="fl-95"/>
      </object_component>
      <object_component id="oc-a5">
         <name>.debug_abbrev</name>
         <load_address>0x7c8</load_address>
         <run_address>0x7c8</run_address>
         <size>0x2a</size>
         <input_file_ref idref="fl-96"/>
      </object_component>
      <object_component id="oc-aa">
         <name>.debug_abbrev</name>
         <load_address>0x7f2</load_address>
         <run_address>0x7f2</run_address>
         <size>0x94</size>
         <input_file_ref idref="fl-97"/>
      </object_component>
      <object_component id="oc-b3">
         <name>.debug_abbrev</name>
         <load_address>0x886</load_address>
         <run_address>0x886</run_address>
         <size>0x2a</size>
         <input_file_ref idref="fl-9a"/>
      </object_component>
      <object_component id="oc-b7">
         <name>.debug_abbrev</name>
         <load_address>0x8b0</load_address>
         <run_address>0x8b0</run_address>
         <size>0x2a</size>
         <input_file_ref idref="fl-9b"/>
      </object_component>
      <object_component id="oc-bb">
         <name>.debug_abbrev</name>
         <load_address>0x8da</load_address>
         <run_address>0x8da</run_address>
         <size>0x2a</size>
         <input_file_ref idref="fl-9c"/>
      </object_component>
      <object_component id="oc-c0">
         <name>.debug_abbrev</name>
         <load_address>0x904</load_address>
         <run_address>0x904</run_address>
         <size>0x2a</size>
         <input_file_ref idref="fl-9d"/>
      </object_component>
      <object_component id="oc-c4">
         <name>.debug_abbrev</name>
         <load_address>0x92e</load_address>
         <run_address>0x92e</run_address>
         <size>0x2a</size>
         <input_file_ref idref="fl-9e"/>
      </object_component>
      <object_component id="oc-c8">
         <name>.debug_abbrev</name>
         <load_address>0x958</load_address>
         <run_address>0x958</run_address>
         <size>0x2a</size>
         <input_file_ref idref="fl-9f"/>
      </object_component>
      <object_component id="oc-cc">
         <name>.debug_abbrev</name>
         <load_address>0x982</load_address>
         <run_address>0x982</run_address>
         <size>0x2a</size>
         <input_file_ref idref="fl-a0"/>
      </object_component>
      <object_component id="oc-d1">
         <name>.debug_abbrev</name>
         <load_address>0x9ac</load_address>
         <run_address>0x9ac</run_address>
         <size>0x2a</size>
         <input_file_ref idref="fl-a1"/>
      </object_component>
      <object_component id="oc-d5">
         <name>.debug_abbrev</name>
         <load_address>0x9d6</load_address>
         <run_address>0x9d6</run_address>
         <size>0x2a</size>
         <input_file_ref idref="fl-a2"/>
      </object_component>
      <object_component id="oc-d9">
         <name>.debug_abbrev</name>
         <load_address>0xa00</load_address>
         <run_address>0xa00</run_address>
         <size>0x2a</size>
         <input_file_ref idref="fl-a3"/>
      </object_component>
      <object_component id="oc-dc">
         <name>.debug_abbrev</name>
         <load_address>0xa2a</load_address>
         <run_address>0xa2a</run_address>
         <size>0x42</size>
         <input_file_ref idref="fl-a4"/>
      </object_component>
      <object_component id="oc-df">
         <name>.debug_abbrev</name>
         <load_address>0xa6c</load_address>
         <run_address>0xa6c</run_address>
         <size>0x4d</size>
         <input_file_ref idref="fl-a5"/>
      </object_component>
      <object_component id="oc-e3">
         <name>.debug_abbrev</name>
         <load_address>0xab9</load_address>
         <run_address>0xab9</run_address>
         <size>0x2a</size>
         <input_file_ref idref="fl-a6"/>
      </object_component>
      <object_component id="oc-e7">
         <name>.debug_abbrev</name>
         <load_address>0xae3</load_address>
         <run_address>0xae3</run_address>
         <size>0x2a</size>
         <input_file_ref idref="fl-a7"/>
      </object_component>
      <object_component id="oc-eb">
         <name>.debug_abbrev</name>
         <load_address>0xb0d</load_address>
         <run_address>0xb0d</run_address>
         <size>0x2a</size>
         <input_file_ref idref="fl-a8"/>
      </object_component>
      <object_component id="oc-ef">
         <name>.debug_abbrev</name>
         <load_address>0xb37</load_address>
         <run_address>0xb37</run_address>
         <size>0xe9</size>
         <input_file_ref idref="fl-a9"/>
      </object_component>
      <object_component id="oc-f3">
         <name>.debug_abbrev</name>
         <load_address>0xc20</load_address>
         <run_address>0xc20</run_address>
         <size>0x2a</size>
         <input_file_ref idref="fl-aa"/>
      </object_component>
      <object_component id="oc-f7">
         <name>.debug_abbrev</name>
         <load_address>0xc4a</load_address>
         <run_address>0xc4a</run_address>
         <size>0x2a</size>
         <input_file_ref idref="fl-ab"/>
      </object_component>
      <object_component id="oc-fc">
         <name>.debug_abbrev</name>
         <load_address>0xc74</load_address>
         <run_address>0xc74</run_address>
         <size>0xa1</size>
         <input_file_ref idref="fl-ac"/>
      </object_component>
      <object_component id="oc-100">
         <name>.debug_abbrev</name>
         <load_address>0xd15</load_address>
         <run_address>0xd15</run_address>
         <size>0x133</size>
         <input_file_ref idref="fl-ad"/>
      </object_component>
      <object_component id="oc-104">
         <name>.debug_abbrev</name>
         <load_address>0xe48</load_address>
         <run_address>0xe48</run_address>
         <size>0x2a</size>
         <input_file_ref idref="fl-ae"/>
      </object_component>
      <object_component id="oc-108">
         <name>.debug_abbrev</name>
         <load_address>0xe72</load_address>
         <run_address>0xe72</run_address>
         <size>0x108</size>
         <input_file_ref idref="fl-af"/>
      </object_component>
      <object_component id="oc-10c">
         <name>.debug_abbrev</name>
         <load_address>0xf7a</load_address>
         <run_address>0xf7a</run_address>
         <size>0x113</size>
         <input_file_ref idref="fl-b0"/>
      </object_component>
      <object_component id="oc-110">
         <name>.debug_abbrev</name>
         <load_address>0x108d</load_address>
         <run_address>0x108d</run_address>
         <size>0x14e</size>
         <input_file_ref idref="fl-b1"/>
      </object_component>
      <object_component id="oc-115">
         <name>.debug_abbrev</name>
         <load_address>0x11db</load_address>
         <run_address>0x11db</run_address>
         <size>0xd6</size>
         <input_file_ref idref="fl-b3"/>
      </object_component>
      <object_component id="oc-11b">
         <name>.debug_abbrev</name>
         <load_address>0x12b1</load_address>
         <run_address>0x12b1</run_address>
         <size>0xc4</size>
         <input_file_ref idref="fl-b4"/>
      </object_component>
      <object_component id="oc-11e">
         <name>.debug_abbrev</name>
         <load_address>0x1375</load_address>
         <run_address>0x1375</run_address>
         <size>0xff</size>
         <input_file_ref idref="fl-b5"/>
      </object_component>
      <object_component id="oc-125">
         <name>.debug_abbrev</name>
         <load_address>0x1474</load_address>
         <run_address>0x1474</run_address>
         <size>0x227</size>
         <input_file_ref idref="fl-b6"/>
      </object_component>
      <object_component id="oc-129">
         <name>.debug_abbrev</name>
[...]
         <value>0x3e20</value>
         <object_component_ref idref="oc-b0"/>
      </symbol>
      <symbol id="sm-39c">
         <name>IDL_F_calibrate</name>
         <value>0x3fa0</value>
         <object_component_ref idref="oc-b4"/>
      </symbol>
      <symbol id="sm-3a4">
         <name>IDL_F_loop</name>
         <value>0x4340</value>
         <object_component_ref idref="oc-b8"/>
      </symbol>
      <symbol id="sm-3a5">
         <name>_IDL_loop</name>
         <value>0x4340</value>
         <object_component_ref idref="oc-b8"/>
      </symbol>
      <symbol id="sm-3af">
         <name>_KNL_saveIsrFrame</name>
         <value>0x2c20</value>
         <object_component_ref idref="oc-bd"/>
      </symbol>
      <symbol id="sm-3b0">
         <name>KNL_glue</name>
         <value>0x2da0</value>
         <object_component_ref idref="oc-bd"/>
      </symbol>
      <symbol id="sm-3b1">
         <name>_KNL_switch</name>
         <value>0x2cec</value>
         <object_component_ref idref="oc-bd"/>
      </symbol>
      <symbol id="sm-3b9">
         <name>__LOG_lat1beg</name>
         <value>0x3ea0</value>
         <object_component_ref idref="oc-c1"/>
      </symbol>
      <symbol id="sm-3ba">
         <name>LOG_F_event</name>
         <value>0x3ea0</value>
         <object_component_ref idref="oc-c1"/>
      </symbol>
      <symbol id="sm-3bb">
         <name>_LOG_event</name>
         <value>0x3ea0</value>
         <object_component_ref idref="oc-c1"/>
      </symbol>
      <symbol id="sm-3c3">
         <name>PIP_F_start</name>
         <value>0x2728</value>
         <object_component_ref idref="oc-c5"/>
      </symbol>
      <symbol id="sm-3c4">
         <name>PIP_F_give</name>
         <value>0x2654</value>
         <object_component_ref idref="oc-c5"/>
      </symbol>
      <symbol id="sm-3c5">
         <name>PIP_F_take</name>
         <value>0x25c0</value>
         <object_component_ref idref="oc-c5"/>
      </symbol>
      <symbol id="sm-3c6">
         <name>PIP_F_probe</name>
         <value>0x2654</value>
         <object_component_ref idref="oc-c5"/>
      </symbol>
      <symbol id="sm-3ce">
         <name>PRD_F_tick</name>
         <value>0x1a40</value>
         <object_component_ref idref="oc-c9"/>
      </symbol>
      <symbol id="sm-3cf">
         <name>PRD_F_swi</name>
         <value>0x1780</value>
         <object_component_ref idref="oc-c9"/>
      </symbol>
      <symbol id="sm-3d9">
         <name>__RTA_lat1beg</name>
         <value>0x1e98</value>
         <object_component_ref idref="oc-ce"/>
      </symbol>
      <symbol id="sm-3da">
         <name>RTA_F_getlog</name>
         <value>0x1de0</value>
         <object_component_ref idref="oc-ce"/>
      </symbol>
      <symbol id="sm-3db">
         <name>__RTA_lat1end</name>
         <value>0x1ed0</value>
         <object_component_ref idref="oc-ce"/>
      </symbol>
      <symbol id="sm-3dc">
         <name>RTA_F_writeword</name>
         <value>0x1e8c</value>
         <object_component_ref idref="oc-ce"/>
      </symbol>
      <symbol id="sm-3dd">
         <name>RTA_F_readblk</name>
         <value>0x1e6c</value>
         <object_component_ref idref="oc-ce"/>
      </symbol>
      <symbol id="sm-3de">
         <name>RTA_F_getsts</name>
         <value>0x1e24</value>
         <object_component_ref idref="oc-ce"/>
      </symbol>
      <symbol id="sm-3df">
         <name>RTA_F_dispatch</name>
         <value>0x1ed8</value>
         <object_component_ref idref="oc-ce"/>
      </symbol>
      <symbol id="sm-3e0">
         <name>RTA_F_resetmem</name>
         <value>0x1e98</value>
         <object_component_ref idref="oc-ce"/>
      </symbol>
      <symbol id="sm-3e1">
         <name>RTA_execute</name>
         <value>0x1f28</value>
         <object_component_ref idref="oc-ce"/>
      </symbol>
      <symbol id="sm-3e9">
         <name>RTA_F_or</name>
         <value>0x4260</value>
         <object_component_ref idref="oc-d2"/>
      </symbol>
      <symbol id="sm-3ea">
         <name>RTA_F_andn</name>
         <value>0x4240</value>
         <object_component_ref idref="oc-d2"/>
      </symbol>
      <symbol id="sm-3f2">
         <name>_STS_delta</name>
         <value>0x3f20</value>
         <object_component_ref idref="oc-d6"/>
      </symbol>
      <symbol id="sm-3f3">
         <name>_STS_reset</name>
         <value>0x3f84</value>
         <object_component_ref idref="oc-d6"/>
      </symbol>
      <symbol id="sm-3f4">
         <name>STS_F_delta</name>
         <value>0x3f20</value>
         <object_component_ref idref="oc-d6"/>
      </symbol>
      <symbol id="sm-3f5">
         <name>STS_F_reset</name>
         <value>0x3f84</value>
         <object_component_ref idref="oc-d6"/>
      </symbol>
      <symbol id="sm-3f6">
         <name>STS_F_add</name>
         <value>0x3f58</value>
         <object_component_ref idref="oc-d6"/>
      </symbol>
      <symbol id="sm-3f7">
         <name>_STS_add</name>
         <value>0x3f58</value>
         <object_component_ref idref="oc-d6"/>
      </symbol>
      <symbol id="sm-3ff">
         <name>_CLK_DFLTMICROSECS</name>
         <value>0xb054</value>
         <object_component_ref idref="oc-da"/>
      </symbol>
      <symbol id="sm-400">
         <name>_CLK_D_microseconds</name>
         <value>0xb058</value>
         <object_component_ref idref="oc-da"/>
      </symbol>
      <symbol id="sm-408">
         <name>_CLK_htimePerLtime</name>
         <value>0xb064</value>
         <object_component_ref idref="oc-dd"/>
      </symbol>
      <symbol id="sm-410">
         <name>_CLK_measure</name>
         <value>0x3900</value>
         <object_component_ref idref="oc-e0"/>
      </symbol>
      <symbol id="sm-418">
         <name>_CLK_start</name>
         <value>0x41a0</value>
         <object_component_ref idref="oc-e4"/>
      </symbol>
      <symbol id="sm-420">
         <name>_CLK_stop</name>
         <value>0x42c0</value>
         <object_component_ref idref="oc-e8"/>
      </symbol>
      <symbol id="sm-42a">
         <name>_GBL_cslCacheInit</name>
         <value>0x3580</value>
         <object_component_ref idref="oc-ed"/>
      </symbol>
      <symbol id="sm-432">
         <name>GBL_A_VERSION</name>
         <value>0x5205</value>
      </symbol>
      <symbol id="sm-433">
         <name>_GBL_getVersion</name>
         <value>0x4320</value>
         <object_component_ref idref="oc-f0"/>
      </symbol>
      <symbol id="sm-43b">
         <name>_HWI_restore</name>
         <value>0x404c</value>
         <object_component_ref idref="oc-f4"/>
      </symbol>
      <symbol id="sm-43c">
         <name>_HWI_enable</name>
         <value>0x4038</value>
         <object_component_ref idref="oc-f4"/>
      </symbol>
      <symbol id="sm-43d">
         <name>_HWI_disable</name>
         <value>0x4020</value>
         <object_component_ref idref="oc-f4"/>
      </symbol>
      <symbol id="sm-449">
         <name>_KNL_maxqueue</name>
         <value>0xafc8</value>
         <object_component_ref idref="oc-f8"/>
      </symbol>
      <symbol id="sm-44a">
         <name>_KNL_inactive</name>
         <value>0xafa8</value>
         <object_component_ref idref="oc-f8"/>
      </symbol>
      <symbol id="sm-44b">
         <name>_KNL_tswitchfxn</name>
         <value>0xafcc</value>
         <object_component_ref idref="oc-f8"/>
      </symbol>
      <symbol id="sm-44c">
         <name>_KNL_setpri</name>
         <value>0xafa4</value>
         <object_component_ref idref="oc-f8"/>
      </symbol>
      <symbol id="sm-44d">
         <name>_KNL_swiptr</name>
         <value>0xafc0</value>
         <object_component_ref idref="oc-f8"/>
      </symbol>
      <symbol id="sm-44e">
         <name>_KNL_dummy</name>
         <value>0xb380</value>
         <object_component_ref idref="oc-fb"/>
      </symbol>
      <symbol id="sm-44f">
         <name>_KNL_curtask</name>
         <value>0xafb4</value>
         <object_component_ref idref="oc-f8"/>
      </symbol>
      <symbol id="sm-450">
         <name>_KNL_curqueue</name>
         <value>0xafc4</value>
         <object_component_ref idref="oc-f8"/>
      </symbol>
      <symbol id="sm-451">
         <name>_KNL_wList</name>
         <value>0xaf9c</value>
         <object_component_ref idref="oc-f8"/>
      </symbol>
      <symbol id="sm-452">
         <name>_KNL_curtime</name>
         <value>0xafbc</value>
         <object_component_ref idref="oc-f8"/>
      </symbol>
      <symbol id="sm-453">
         <name>_KNL_set</name>
         <value>0xafb0</value>
         <object_component_ref idref="oc-f8"/>
      </symbol>
      <symbol id="sm-454">
         <name>_KNL_alarm</name>
         <value>0xafa0</value>
         <object_component_ref idref="oc-f8"/>
      </symbol>
      <symbol id="sm-455">
         <name>_KNL_prevtask</name>
         <value>0xafb8</value>
         <object_component_ref idref="oc-f8"/>
      </symbol>
      <symbol id="sm-456">
         <name>_KNL_queues</name>
         <value>0xb2e0</value>
         <object_component_ref idref="oc-fb"/>
      </symbol>
      <symbol id="sm-457">
         <name>_KNL_idlefxn</name>
         <value>0xafdc</value>
         <object_component_ref idref="oc-f8"/>
      </symbol>
      <symbol id="sm-458">
         <name>_KNL_priority</name>
         <value>0xafac</value>
         <object_component_ref idref="oc-f8"/>
      </symbol>
      <symbol id="sm-459">
         <name>_KNL_treadyfxn</name>
         <value>0xafd8</value>
         <object_component_ref idref="oc-f8"/>
      </symbol>
      <symbol id="sm-45a">
         <name>_KNL_tcreatefxn</name>
         <value>0xafd0</value>
         <object_component_ref idref="oc-f8"/>
      </symbol>
      <symbol id="sm-45b">
         <name>_KNL_wFlag</name>
         <value>0xaf98</value>
         <object_component_ref idref="oc-f8"/>
      </symbol>
      <symbol id="sm-45c">
         <name>_KNL_tdeletefxn</name>
         <value>0xafd4</value>
         <object_component_ref idref="oc-f8"/>
      </symbol>
      <symbol id="sm-466">
         <name>_KNL_exit</name>
         <value>0x3660</value>
         <object_component_ref idref="oc-fe"/>
      </symbol>
      <symbol id="sm-467">
         <name>_KNL_enter</name>
         <value>0x36b4</value>
         <object_component_ref idref="oc-fe"/>
      </symbol>
      <symbol id="sm-46f">
         <name>__KNL_lat1beg</name>
         <value>0x3490</value>
         <object_component_ref idref="oc-101"/>
      </symbol>
      <symbol id="sm-470">
         <name>__KNL_lat1end</name>
         <value>0x3518</value>
         <object_component_ref idref="oc-101"/>
      </symbol>
      <symbol id="sm-471">
         <name>_KNL_max</name>
         <value>0x353c</value>
         <object_component_ref idref="oc-101"/>
      </symbol>
      <symbol id="sm-472">
         <name>_KNL_check</name>
         <value>0x3440</value>
         <object_component_ref idref="oc-101"/>
      </symbol>
      <symbol id="sm-473">
         <name>_KNL_idle</name>
         <value>0x3518</value>
         <object_component_ref idref="oc-101"/>
      </symbol>
      <symbol id="sm-47d">
         <name>_KNL_post</name>
         <value>0x3aa0</value>
         <object_component_ref idref="oc-106"/>
      </symbol>
      <symbol id="sm-487">
         <name>_KNL_ipost</name>
         <value>0x39e0</value>
         <object_component_ref idref="oc-10a"/>
      </symbol>
      <symbol id="sm-491">
         <name>_KNL_run</name>
         <value>0x1b20</value>
         <object_component_ref idref="oc-10e"/>
      </symbol>
      <symbol id="sm-495">
         <name>_MEM</name>
         <value>0xb070</value>
         <object_component_ref idref="oc-111"/>
      </symbol>
      <symbol id="sm-49f">
         <name>_MEM_init</name>
         <value>0xa2a0</value>
         <object_component_ref idref="oc-113"/>
      </symbol>
      <symbol id="sm-4ad">
         <name>_OBJ_table</name>
         <value>0xb414</value>
         <object_component_ref idref="oc-118"/>
      </symbol>
      <symbol id="sm-4ae">
         <name>_OBJ_init</name>
         <value>0xa4c0</value>
         <object_component_ref idref="oc-119"/>
      </symbol>
      <symbol id="sm-4af">
         <name>_OBJ_segtab</name>
         <value>0xb44c</value>
         <object_component_ref idref="oc-118"/>
      </symbol>
      <symbol id="sm-4bb">
         <name>_RTDX_Buffer_ReadCB</name>
         <value>0x9100</value>
         <object_component_ref idref="oc-184"/>
      </symbol>
      <symbol id="sm-4bc">
         <name>RTDX_NORMALIZED_HDR</name>
         <value>0x1</value>
      </symbol>
      <symbol id="sm-4bd">
         <name>_RTDX_Buffer_Read</name>
         <value>0x91e0</value>
         <object_component_ref idref="oc-17e"/>
      </symbol>
      <symbol id="sm-4d9">
         <name>_rtdx_buffer_state</name>
         <value>0xa8f0</value>
         <object_component_ref idref="oc-122"/>
      </symbol>
      <symbol id="sm-4da">
         <name>_RTDX_Buffer_WriteCB</name>
         <value>0x87c0</value>
         <object_component_ref idref="oc-185"/>
      </symbol>
      <symbol id="sm-4db">
         <name>_rtdxNullChanCnt</name>
         <value>0xb040</value>
         <object_component_ref idref="oc-11f"/>
      </symbol>
      <symbol id="sm-4dc">
         <name>_RTDX_writing</name>
         <value>0xa8fc</value>
         <object_component_ref idref="oc-122"/>
      </symbol>
      <symbol id="sm-4dd">
         <name>_RTDX_Buffer_Initialize</name>
         <value>0x90a0</value>
         <object_component_ref idref="oc-180"/>
      </symbol>
      <symbol id="sm-4de">
         <name>_RTDX_Buffer_Write</name>
         <value>0x9200</value>
         <object_component_ref idref="oc-17f"/>
      </symbol>
      <symbol id="sm-4df">
         <name>_rtdxNullFuncCnt</name>
         <value>0xb044</value>
         <object_component_ref idref="oc-11f"/>
      </symbol>
      <symbol id="sm-4e0">
         <name>_RTDX_Buffer_Size</name>
         <value>0x9160</value>
         <object_component_ref idref="oc-187"/>
      </symbol>
      <symbol id="sm-4e1">
         <name>_memcpy</name>
         <value>0x0</value>
      </symbol>
      <symbol id="sm-4eb">
         <name>_RTDX_Mask_IER</name>
         <value>0x9240</value>
         <object_component_ref idref="oc-127"/>
      </symbol>
      <symbol id="sm-503">
         <name>_RTDX_Mon_Queue</name>
         <value>0x8e00</value>
         <object_component_ref idref="oc-18a"/>
      </symbol>
      <symbol id="sm-504">
         <name>_rtdx_mon_state</name>
         <value>0xa910</value>
         <object_component_ref idref="oc-12b"/>
      </symbol>
      <symbol id="sm-505">
         <name>_RTDX_JTAGONLY</name>
         <value>0x2</value>
      </symbol>
      <symbol id="sm-506">
         <name>_RTDX_Final_RT_Monitor</name>
         <value>0x91a0</value>
         <object_component_ref idref="oc-186"/>
      </symbol>
      <symbol id="sm-507">
         <name>_RTDX_Poll</name>
         <value>0x83c0</value>
         <object_component_ref idref="oc-17d"/>
      </symbol>
      <symbol id="sm-508">
         <name>_RTDX_Init_RT_Monitor</name>
         <value>0x9020</value>
         <object_component_ref idref="oc-181"/>
      </symbol>
      <symbol id="sm-509">
         <name>_atexit</name>
         <value>0x0</value>
      </symbol>
      <symbol id="sm-511">
         <name>_STS_set</name>
         <value>0x4360</value>
         <object_component_ref idref="oc-12f"/>
      </symbol>
      <symbol id="sm-51f">
         <name>_TSK_nTasks</name>
         <value>0xb048</value>
         <object_component_ref idref="oc-133"/>
      </symbol>
      <symbol id="sm-520">
         <name>_TSK_config</name>
         <value>0xb3d4</value>
         <object_component_ref idref="oc-136"/>
      </symbol>
      <symbol id="sm-521">
         <name>_TSK</name>
         <value>0xb050</value>
         <object_component_ref idref="oc-133"/>
      </symbol>
      <symbol id="sm-522">
         <name>_TSK_timerSem</name>
         <value>0xb3f4</value>
         <object_component_ref idref="oc-136"/>
      </symbol>
      <symbol id="sm-523">
         <name>_TSK_pid</name>
         <value>0xb04c</value>
         <object_component_ref idref="oc-133"/>
      </symbol>
      <symbol id="sm-524">
         <name>_TSK_ATTRS</name>
         <value>0xb3b8</value>
         <object_component_ref idref="oc-136"/>
      </symbol>
      <symbol id="sm-52e">
         <name>_TSK_exit</name>
         <value>0x2fa0</value>
         <object_component_ref idref="oc-13a"/>
      </symbol>
      <symbol id="sm-538">
         <name>_SYS_exit</name>
         <value>0x3c20</value>
         <object_component_ref idref="oc-13e"/>
      </symbol>
      <symbol id="sm-544">
         <name>_SYS_exitStack</name>
         <value>0xb4b8</value>
         <object_component_ref idref="oc-144"/>
      </symbol>
      <symbol id="sm-545">
         <name>_SYS_exitStackPtr</name>
         <value>0xb05c</value>
         <object_component_ref idref="oc-141"/>
      </symbol>
      <symbol id="sm-546">
         <name>_SYS_exitStackTop</name>
         <value>0xb060</value>
         <object_component_ref idref="oc-141"/>
      </symbol>
      <symbol id="sm-550">
         <name>_TSK_init</name>
         <value>0xa440</value>
         <object_component_ref idref="oc-147"/>
      </symbol>
      <symbol id="sm-55a">
         <name>_TSK_setup</name>
         <value>0x2a20</value>
         <object_component_ref idref="oc-14b"/>
      </symbol>
      <symbol id="sm-56c">
         <name>__MEM_mutex</name>
         <value>0xb490</value>
         <object_component_ref idref="oc-151"/>
      </symbol>
      <symbol id="sm-56d">
         <name>_TSK_startup</name>
         <value>0x3380</value>
         <object_component_ref idref="oc-152"/>
      </symbol>
      <symbol id="sm-56e">
         <name>__TSK_mutex</name>
         <value>0xb468</value>
         <object_component_ref idref="oc-151"/>
      </symbol>
      <symbol id="sm-56f">
         <name>__register_lock</name>
         <value>0x0</value>
      </symbol>
      <symbol id="sm-570">
         <name>__register_unlock</name>
         <value>0x0</value>
      </symbol>
      <symbol id="sm-57a">
         <name>_LCK_pend</name>
         <value>0x3b90</value>
         <object_component_ref idref="oc-157"/>
      </symbol>
      <symbol id="sm-57b">
         <name>_LCK_post</name>
         <value>0x3b60</value>
         <object_component_ref idref="oc-157"/>
      </symbol>
      <symbol id="sm-583">
         <name>_SEM_pend</name>
         <value>0x4080</value>
         <object_component_ref idref="oc-15a"/>
      </symbol>
      <symbol id="sm-58d">
         <name>_SEM_pendEnterKnl</name>
         <value>0x20a0</value>
         <object_component_ref idref="oc-15f"/>
      </symbol>
      <symbol id="sm-595">
         <name>_SEM_postBinary</name>
         <value>0x3820</value>
         <object_component_ref idref="oc-162"/>
      </symbol>
      <symbol id="sm-596">
         <name>_SEM_post</name>
         <value>0x3820</value>
         <object_component_ref idref="oc-162"/>
      </symbol>
      <symbol id="sm-5a0">
         <name>_SEM_postEnterKnl</name>
         <value>0x3740</value>
         <object_component_ref idref="oc-167"/>
      </symbol>
      <symbol id="sm-5aa">
         <name>_SYS_abort</name>
         <value>0x40e0</value>
         <object_component_ref idref="oc-16b"/>
      </symbol>
      <symbol id="sm-5b8">
         <name>__GBL_setL2CacheMode</name>
         <value>0xc34</value>
         <object_component_ref idref="oc-171"/>
      </symbol>
      <symbol id="sm-5c2">
         <name>__SEM_dopost</name>
         <value>0x2800</value>
         <object_component_ref idref="oc-175"/>
      </symbol>
      <symbol id="sm-5cc">
         <name>__auto_init</name>
         <value>0x3140</value>
         <object_component_ref idref="oc-179"/>
      </symbol>
   </symbol_table>
</link_info>
