******************************************************************************
               TMS320C6x Linker PC v7.4.7                      
******************************************************************************
>> Linked Thu Oct 18 10:48:43 2018

OUTPUT FILE NAME:   <my_first_project2018.out>
ENTRY POINT SYMBOL: "_c_int00"  address: 0000a380


MEMORY CONFIGURATION

         name            origin    length      used     unused   attr    fill
----------------------  --------  ---------  --------  --------  ----  --------
  IRAM                  00000000   0003e000  0000bc11  000323ef  RWIX
  BUFFERS               0003e000   00001000  00000000  00001000  RWIX
  SDRAM                 80000000   00800000  00008000  007f8000  RWIX


SECTION ALLOCATION MAP

 output                                  attributes/
section   page    origin      length       input sections
--------  ----  ----------  ----------   ----------------
.vers      0    00000000    0000004c     COPY SECTION
                  00000000    0000004c     my_first_project2018cfg.obj (.vers)

.prd       0    00000000    00000000     UNINITIALIZED

.hwi_vec   0    00000000    00000200     
                  00000000    00000200     my_first_project2018cfg.obj (.hwi_vec)

.data      0    00000000    00000000     UNINITIALIZED

.bios      0    00000200    000041c0     
                  00000200    00000600     lnkrtdx.a67 : rtdx.o67 (.bios)
                  00000800    000005e0     bios.a67 : gbl_setL2CacheMode.o67 (.bios)
                  00000de0    00000540              : swi.o67 (.bios)
                  00001320    00000460              : hwi_disp_asm.o67 (.bios)
                  00001780    000003a0              : prd.o67 (.bios)
                  00001b20    000002c0              : knl_run.o67 (.bios)
                  00001de0    000002c0              : rta.o67 (.bios)
                  000020a0    000002c0              : sem_pend.o67 (.bios)
                  00002360    00000260              : knl_tick.o67 (.bios)
                  000025c0    00000240              : pip.o67 (.bios)
                  00002800    00000220              : sem_dopo.o67 (.bios)
                  00002a20    00000200              : tsk_setu.o67 (.bios)
                  00002c20    000001c0              : knl_swit.o67 (.bios)
                  00002de0    000001c0     biosC6000.a67 : clk.o67 (.bios)
                  00002fa0    000001a0     bios.a67 : tsk_exit.o67 (.bios)
                  00003140    00000180              : autoinit.o67 (.bios)
                  000032c0    00000180              : tsk_stup.o67 (.bios)
                  00003440    00000140              : knl_chec.o67 (.bios)
                  00003580    000000e0              : gbl_cslcacheinit.o67 (.bios)
                  00003660    000000e0              : knl_exit.o67 (.bios)
                  00003740    000000e0              : sem_post.o67 (.bios)
                  00003820    000000e0              : sem_post_asm.o67 (.bios)
                  00003900    000000e0     biosC6000.a67 : clk_meas.o67 (.bios)
                  000039e0    000000c0     bios.a67 : knl_ipos.o67 (.bios)
                  00003aa0    000000c0              : knl_post.o67 (.bios)
                  00003b60    000000c0              : lck.o67 (.bios)
                  00003c20    000000c0              : sys_exit.o67 (.bios)
                  00003ce0    000000c0     biosC6000.a67 : clk_htime.o67 (.bios)
                  00003da0    00000080     bios.a67 : fxn.o67 (.bios)
                  00003e20    00000080              : idl_busy.o67 (.bios)
                  00003ea0    00000080              : log.o67 (.bios)
                  00003f20    00000080              : sts.o67 (.bios)
                  00003fa0    00000080     biosC6000.a67 : idl_cal.o67 (.bios)
                  00004020    00000060     bios.a67 : hwi_c.o67 (.bios)
                  00004080    00000060              : sem_pend_counting.o67 (.bios)
                  000040e0    00000060              : sys_abor.o67 (.bios)
                  00004140    00000060              : utl_putc.o67 (.bios)
                  000041a0    00000060     biosC6000.a67 : clk_start.o67 (.bios)
                  00004200    00000040     bios.a67 : idl_stub.o67 (.bios)
                  00004240    00000040              : rta_andn.o67 (.bios)
                  00004280    00000040              : utl_doab.o67 (.bios)
                  000042c0    00000040     biosC6000.a67 : clk_stop.o67 (.bios)
                  00004300    00000020     bios.a67 : fxn_c.o67 (.bios)
                  00004320    00000020              : gbl_vers.o67 (.bios)
                  00004340    00000020              : idl.o67 (.bios)
                  00004360    00000020              : sts_set.o67 (.bios)
                  00004380    00000020              : utl_doer.o67 (.bios)
                  000043a0    00000020              : utl_halt.o67 (.bios)

.stack     0    000043c0    00004000     UNINITIALIZED
                  000043c0    00004000     --HOLE--

.rtdx_text 
*          0    000083c0    00000ea0     
                  000083c0    00000400     rtdx.lib : rtdx_mon.o62 (.rtdx_text:_RTDX_Poll)
                  000087c0    00000340              : buffer1.o62 (.rtdx_text:_RTDX_Buffer_WriteCB)
                  00008b00    00000300              : buffer1.o62 (.rtdx_text:_RTDX_write_next)
                  00008e00    00000140              : rtdx_mon.o62 (.rtdx_text:_RTDX_Mon_Queue)
                  00008f40    000000e0              : buffer1.o62 (.rtdx_text:_claim)
                  00009020    00000080              : rtdx_mon.o62 (.rtdx_text:_RTDX_Init_RT_Monitor)
                  000090a0    00000060              : buffer1.o62 (.rtdx_text:_RTDX_Buffer_Initialize)
                  00009100    00000060              : buffer2.o62 (.rtdx_text:_RTDX_Buffer_ReadCB)
                  00009160    00000040              : buffer1.o62 (.rtdx_text:_RTDX_Buffer_Size)
                  000091a0    00000040              : rtdx_mon.o62 (.rtdx_text:_RTDX_Final_RT_Monitor)
                  000091e0    00000020              : buffer2.o62 (.rtdx_text:_RTDX_Buffer_Read)
                  00009200    00000020              : buffer1.o62 (.rtdx_text:_RTDX_Buffer_Write)
                  00009220    00000020              : rtdx_mon.o62 (.rtdx_text:_RTDX_checksum)
                  00009240    00000020              : intr_tgt.o62 (.rtdx_text)

.cinit     0    00009260    00000d4c     
                  00009260    00000594     my_first_project2018cfg.obj (.cinit)
                  000097f4    00000004     --HOLE-- [fill = 0]
                  000097f8    0000026c     bios.a67 : biosdata.o67 (.cinit)
                  00009a64    00000004     --HOLE-- [fill = 0]
                  00009a68    000001a4              : knl.o67 (.cinit)
                  00009c0c    00000004     --HOLE-- [fill = 0]
                  00009c10    000000b0              : swi.o67 (.cinit)
                  00009cc0    00000080              : tsk.o67 (.cinit)
                  00009d40    00000060              : tsk_stup.o67 (.cinit)
                  00009da0    0000005c     lnkrtdx.a67 : rtdx.o67 (.cinit)
                  00009dfc    00000004     --HOLE-- [fill = 0]
                  00009e00    0000004c     bios.a67 : rta.o67 (.cinit)
                  00009e4c    00000004     --HOLE-- [fill = 0]
                  00009e50    0000004c     rtdx.lib : buffer1.o62 (.cinit)
                  00009e9c    00000004     --HOLE-- [fill = 0]
                  00009ea0    00000034     bios.a67 : hwi.o67 (.cinit)
                  00009ed4    00000004     --HOLE-- [fill = 0]
                  00009ed8    0000002c              : utl_putc.o67 (.cinit)
                  00009f04    00000004     --HOLE-- [fill = 0]
                  00009f08    00000024              : obj_init.o67 (.cinit)
                  00009f2c    00000004     --HOLE-- [fill = 0]
                  00009f30    0000001c              : sys.o67 (.cinit)
                  00009f4c    00000004     --HOLE-- [fill = 0]
                  00009f50    00000018              : knl_tick.o67 (.cinit)
                  00009f68    0000000c              : gbl_setL2CacheMode.o67 (.cinit)
                  00009f74    00000004     --HOLE-- [fill = 0]
                  00009f78    0000000c              : idl_busy.o67 (.cinit)
                  00009f84    00000004     --HOLE-- [fill = 0]
                  00009f88    0000000c              : knl_swit.o67 (.cinit)
                  00009f94    00000004     --HOLE-- [fill = 0]
                  00009f98    0000000c     main.obj (.cinit)
                  00009fa4    00000004     --HOLE-- [fill = 0]
                  00009fa8    00000004     (.pad.cinit) [fill = 0]

.hst1      0    00009fac    00000010     UNINITIALIZED
                  00009fac    00000010     my_first_project2018cfg.obj (.hst1)

.args      0    00009fbc    00000004     
                  00009fbc    00000004     --HOLE-- [fill = 0]

.sysinit   0    00009fc0    00000520     
                  00009fc0    000002e0     my_first_project2018cfg.obj (.sysinit)
                  0000a2a0    000000e0     bios.a67 : mem_init.o67 (.sysinit)
                  0000a380    000000c0              : boot.o67 (.sysinit)
                  0000a440    00000080              : tsk_init.o67 (.sysinit)
                  0000a4c0    00000020              : obj_init.o67 (.sysinit)

.rtdx_data 
*          0    0000a4e0    0000044c     UNINITIALIZED
                  0000a4e0    00000410     my_first_project2018cfg.obj (.rtdx_data)
                  0000a8f0    00000020     rtdx.lib : buffer1.o62 (.rtdx_data)
                  0000a910    0000001c              : rtdx_mon.o62 (.rtdx_data)

.mem       0    0000a92c    00000004     UNINITIALIZED
                  0000a92c    00000004     my_first_project2018cfg.obj (.mem)

.TSK_idle$stk 
*          0    0000a930    00000400     UNINITIALIZED
                  0000a930    00000400     my_first_project2018cfg.obj (.TSK_idle$stk)

.bss       0    0000ad30    00000348     UNINITIALIZED
                  0000ad30    00000100     bios.a67 : hwi_disp_asm.o67 (.bss)
                  0000ae30    000000cc              : biosdata.o67 (.bss)
                  0000aefc    0000009c              : swi.o67 (.bss)
                  0000af98    00000048              : knl.o67 (.bss)
                  0000afe0    00000028     my_first_project2018cfg.obj (.bss)
                  0000b008    00000018     bios.a67 : hwi.o67 (.bss)
                  0000b020    00000018     lnkrtdx.a67 : rtdx.o67 (.bss)
                  0000b038    00000010     rtdx.lib : buffer1.o62 (.bss)
                  0000b048    0000000c     bios.a67 : tsk.o67 (.bss)
                  0000b054    00000008              : clk_data.o67 (.bss)
                  0000b05c    00000008              : sys.o67 (.bss)
                  0000b064    00000004              : clk_data2.o67 (.bss)
                  0000b068    00000004              : gbl_setL2CacheMode.o67 (.bss)
                  0000b06c    00000004              : idl_busy.o67 (.bss)
                  0000b070    00000004              : mem_asm.o67 (.bss)
                  0000b074    00000004     main.obj (.bss)

.clk       0    0000b078    00000008     UNINITIALIZED
                  0000b078    00000008     my_first_project2018cfg.obj (.clk)

.text      0    0000b080    00000260     
                  0000b080    00000180     bios.a67 : gbl_cslpllinit62.o67 (.text)
                  0000b200    000000c0              : tsk_stup.o67 (.text)
                  0000b2c0    00000020     main.obj (.text)

.far       0    0000b2e0    00000214     UNINITIALIZED
                  0000b2e0    000000d8     bios.a67 : knl.o67 (.far)
                  0000b3b8    0000005c              : tsk.o67 (.far)
                  0000b414    00000054              : obj_init.o67 (.far)
                  0000b468    00000050              : tsk_stup.o67 (.far)
                  0000b4b8    00000020              : sys.o67 (.far)
                  0000b4d8    00000010              : knl_tick.o67 (.far)
                  0000b4e8    0000000c              : utl_putc.o67 (.far)

.trace     0    0000b4f4    00000200     
                  0000b4f4    00000200     --HOLE-- [fill = 00000000]

.pinit     0    0000b6f4    0000000c     
                  0000b6f4    00000004     rtdx.lib : buffer1.o62 (.pinit)
                  0000b6f8    00000004              : rtdx_mon.o62 (.pinit)
                  0000b6fc    00000004     --HOLE-- [fill = 0]

.LOG_system$buf 
*          0    0000b700    00000100     UNINITIALIZED
                  0000b700    00000100     my_first_project2018cfg.obj (.LOG_system$buf)

.hst0      0    0000b800    00000100     UNINITIALIZED
                  0000b800    00000100     my_first_project2018cfg.obj (.hst0)

.pip       0    0000b900    000000c8     UNINITIALIZED
                  0000b900    000000c8     my_first_project2018cfg.obj (.pip)

.const     0    0000b9c8    00000095     
                  0000b9c8    0000004e     bios.a67 : tsk_stup.o67 (.const)
                  0000ba16    00000023              : utl_doab.o67 (.const)
                  0000ba39    00000022              : utl_doer.o67 (.const)
                  0000ba5b    00000001     --HOLE-- [fill = 0]
                  0000ba5c    00000001              : tsk.o67 (.const)

.printf    0    0000ba5d    0000003f     COPY SECTION
                  0000ba5d    0000003f     my_first_project2018cfg.obj (.printf)

.tsk       0    0000ba60    00000060     UNINITIALIZED
                  0000ba60    00000060     my_first_project2018cfg.obj (.tsk)

.gblinit   0    0000bac0    00000040     
                  0000bac0    00000040     my_first_project2018cfg.obj (.gblinit)

.hst       0    0000bb00    0000003c     UNINITIALIZED
                  0000bb00    0000003c     my_first_project2018cfg.obj (.hst)

.sts       0    0000bb3c    00000030     
                  0000bb3c    00000030     my_first_project2018cfg.obj (.sts)

.swi       0    0000bb6c    0000002c     UNINITIALIZED
                  0000bb6c    0000002c     my_first_project2018cfg.obj (.swi)

.switch    0    0000bb98    00000028     
                  0000bb98    00000028     rtdx.lib : rtdx_mon.o62 (.switch)

.log       0    0000bbc0    00000018     
                  0000bbc0    00000018     my_first_project2018cfg.obj (.log)

.idl       0    0000bbd8    00000010     UNINITIALIZED
                  0000bbd8    00000010     my_first_project2018cfg.obj (.idl)

.idlcal    0    0000bbe8    00000010     UNINITIALIZED
                  0000bbe8    00000010     my_first_project2018cfg.obj (.idlcal)

.sys       0    0000bbf8    00000010     UNINITIALIZED
                  0000bbf8    00000010     my_first_project2018cfg.obj (.sys)

.trcdata   0    0000bc08    0000000c     
                  0000bc08    0000000c     bios.a67 : trc.o67 (.trcdata)

.SDRAM$heap 
*          0    80000000    00008000     UNINITIALIZED
                  80000000    00008000     --HOLE--


GLOBAL SYMBOLS: SORTED ALPHABETICALLY BY Name 

address    name
--------   ----
0000ad30   $bss
0000ad30   .bss
00000000   .data
0000b080   .text
0000a17c   BIOS$$CLKOFF
0000a13c   BIOS$$CLKON
00009fc0   BIOS_init
0000a1e4   BIOS_start
00000000   BUF$
ffffffff   BUFFERS
00000001   BUF_ENABLED
00000001   CLK$
0000b078   CLK_A_TABBEG
00000001   CLK_CALDIV
00000004   CLK_CALMULT
0000dbba   CLK_COUNTSPMS
00000000   CLK_COUNTSPMSHIGH
0000ae58   CLK_D_idletime
0000ae54   CLK_D_isrhook
0000ae50   CLK_D_tabbeg
0000ae4c   CLK_D_timefxn
00003ce0   CLK_F_getfhtime
00003d00   CLK_F_gethtime
00002de0   CLK_F_getltime
00003d00   CLK_F_getshtime
00002df4   CLK_F_isr
00002f54   CLK_F_itime
00001320   CLK_HOOKFXN
00000001   CLK_HTIMEDIV
00000004   CLK_HTIMEMULT
0000dbba   CLK_HTIMEPERLTIME
00004000   CLK_INTBIT
00000001   CLK_LTIMEDIV
00036ee8   CLK_LTIMEMULT
000003e8   CLK_MICROSECS
0000dbba   CLK_PRD
00000000   CLK_PRDHIGH
01940000   CLK_REGS
0000ae48   CLK_R_time
00000020   CLK_TCR
00000000   CLK_TDDR
00000000   CLK_TDDRHIGH
00003d00   CLK_TIMEFXN
00000000   CLK_TIMERNUM
00000001   CLK_USETIMER
0000b07c   CLK_null
00000000   DEV$
00000000   DGN$
00000000   DHL$
00000000   DHL_gChannelsAvailable
00000000   DIO$
00000000   DIO_NUMSWIBASE
00000000   DIO_NUMTSKBASE
00000000   DIO_STATIC
00000000   DPI$
00003da0   FXN_F_nop
00003da8   FXN_F_run
00003df8   FXN_F_zero
00000001   GBL$
00005205   GBL_A_VERSION
00000000   GBL_BIGENDIAN
00000000   GBL_C641XL2PRIORITY
00000000   GBL_CACHE
00000001   GBL_CALLCSLCFGINIT
00004e20   GBL_CLKIN
00001770   GBL_CLKTYPE
00001a39   GBL_DSPSUBTYPE
0000003e   GBL_DSPTYPE
00000001   GBL_ENABLEINST
00000042   GBL_FOOTPRINT
00036ee8   GBL_FREQ
00002226   GBL_L2ALLOC
00000000   GBL_L2CONFIGALLOC
00000001   GBL_L2CONFIGURE
00000001   GBL_L2MARMASK
00000000   GBL_L2MARMASK1
00000000   GBL_L2MARMASK2
00000000   GBL_L2MARMASK3
00000000   GBL_L2MARMASK4
00000000   GBL_L2MARMASK5
00000000   GBL_L2MODE
00000000   GBL_L2PRIORITY
00000000   GBL_NULL
00000000   GBL_PROCID
00000000   GBL_ROM
00000000   GBL_SUPPORTCSL
0000dbef   GBL_TRCMASKVALUE
00000001   GBL_USERINIT
0000b0a8   GBL_USERINITFXN
00000001   GBL_boot
0000bc10   GBL_initdone
000043c0   GBL_stackbeg
000083bf   GBL_stackend
00000000   GIO$
00004300   GIO_CREATEFXN
00004300   GIO_DELETEFXN
00004300   GIO_PENDFXN
00004300   GIO_POSTFXN
00000000   HOOK$
00000000   HOOK_KNLID
00000001   HST$
0000bb00   HST_A_TABBEG
0000bb3c   HST_A_TABEND
00000000   HST_DSM
ffffffff   HST_DSMBUFSEG
00000400   HST_DSMMEMSIZE
0000aec4   HST_D_chanmask
0000aec8   HST_D_tabbeg
0000aecc   HST_D_tabend
000000ff   HST_MAXFRAMEALLOWED
00000040   HST_MAXFRAMESET
00000000   HST_NONE
00000001   HST_RTDX
00000001   HWI$
00000000   HWI_A_VECS
00004008   HWI_CFGDISPATCHED
0000b018   HWI_D_bss
0000b01c   HWI_D_ccmask
0000b008   HWI_D_spsave
00001320   HWI_F_dispatch
00000000   HWI_GENERATE_RESET_VEC
0000000a   HWI_INT10
00000000   HWI_INT10$hwi
0000000b   HWI_INT11
00000000   HWI_INT11$hwi
0000000c   HWI_INT12
00000000   HWI_INT12$hwi
0000000d   HWI_INT13
00000000   HWI_INT13$hwi
0000000e   HWI_INT14
00000000   HWI_INT14$hwi
0000000f   HWI_INT15
00000000   HWI_INT15$hwi
00000004   HWI_INT4
00000000   HWI_INT4$hwi
00000005   HWI_INT5
00000000   HWI_INT5$hwi
00000006   HWI_INT6
00000000   HWI_INT6$hwi
00000007   HWI_INT7
00000000   HWI_INT7$hwi
00000008   HWI_INT8
00000000   HWI_INT8$hwi
00000009   HWI_INT9
00000000   HWI_INT9$hwi
082039a3   HWI_INTRMULTHIGH
310718a4   HWI_INTRMULTLOW
00000001   HWI_NMI
00000000   HWI_NMI$hwi
00000000   HWI_POLARITYMASK
00000002   HWI_RESERVED0
00000000   HWI_RESERVED0$hwi
00000003   HWI_RESERVED1
00000000   HWI_RESERVED1$hwi
00000000   HWI_RESET
00000000   HWI_RESET$hwi
00000001   HWI_ZEROTAB
00000001   IDL$
0000bbe8   IDL_A_CALBEG
0000bbd8   IDL_A_TABBEG
00000006   IDL_CALIBRERROR
00004200   IDL_CALIBRFXN
0000b06c   IDL_D_busyObj
0000ae38   IDL_D_calbeg
0000ae34   IDL_D_calibrate
0000ae30   IDL_D_tabbeg
0000bbe4   IDL_END
0000bbf4   IDL_END$
00003e20   IDL_F_busy
00003fa0   IDL_F_calibrate
00004340   IDL_F_loop
00004200   IDL_F_stub
00000001   IDL_USECLKIDLTIME
0000bb60   IDL_busyObj
0000ba97   IDL_busyObj$avgfmt
00000001   IDL_busyObj$filter
00000001   IDL_busyObj$iA
00000000   IDL_busyObj$iB
00000001   IDL_busyObj$iC
0000ba91   IDL_busyObj$maxfmt
00000000   IDL_busyObj$operation
0000bb5c   IDL_busyObj$stsobj
0000ba94   IDL_busyObj$sumfmt
00000002   IDL_busyObj$unittype
0000bbd8   IDL_cpuLoad
0000bbe8   IDL_cpuLoad$
ffffffff   IRAM
00000001   ISRC$
00002da0   KNL_glue
0000bb6c   KNL_swi
00000001   KNL_swi$dorta
00000000   KNL_swi$ord
00000000   KNL_swi$pri
0000bb40   KNL_swi$sts
0000ba6d   KNL_swi$sts$avgfmt
00000002   KNL_swi$sts$filter
00000001   KNL_swi$sts$filtmaxmult
00000001   KNL_swi$sts$filtsummult
0000ba5d   KNL_swi$sts$maxfmt
0000bb3c   KNL_swi$sts$stsobj
0000ba65   KNL_swi$sts$sumfmt
00000000   KNL_swi$sts$unittype
00000000   KNL_swi$swi
00000001   LCK$
00000200   LNK_F_checkBufferCall
00000280   LNK_F_dataPump
00000220   LNK_F_getChanPtr
00000278   LNK_F_init
000007c4   LNK_F_readCallBack
0000bbdc   LNK_dataPump
0000bbec   LNK_dataPump$
0000b024   LNK_dspFrameReadyMask
0000b020   LNK_dspFrameRequestMask
00000520   LNK_newin
00000660   LNK_newout
00000294   LNK_rcloop
00000360   LNK_rdrtry
0000b02c   LNK_readDone
0000b030   LNK_readFail
0000b028   LNK_readPend
00000370   LNK_rrloop
0000b034   LNK_writeFail
00000444   LNK_wrloop
00000434   LNK_wrrtry
00000001   LOG$
0000bbc0   LOG_A_TABBEG
0000bbd8   LOG_A_TABEND
00000001   LOG_A_TABLEN
0000ae3c   LOG_D_system
00000001   LOG_ENABLED
00003ea0   LOG_F_event
0000bbc0   LOG_system
0000b700   LOG_system$buf
00000000   LOG_system$datatype
00000000   LOG_system$log
00000040   LOG_system$size
00000000   MBX$
00000001   MEM$
0000afec   MEM_MALLOCSEG
00000000   MEM_NULL
0000afec   MEM_SEGZERO
00000000   MEM_USEMPC
00000001   MEM_gNumHeap
00000000   MSGQ$
00000000   MSGQ_USEMSGQ
00000000   OBJ$
00000000   PIP$
0000b900   PIP_A_TABBEG
0000b9c8   PIP_A_TABEND
00000002   PIP_A_TABLEN
0000ae40   PIP_D_tabbeg
0000ae44   PIP_D_tablen
00002654   PIP_F_give
00002654   PIP_F_probe
00002728   PIP_F_start
000025c0   PIP_F_take
00000064   PIP_OBJSIZE
00000000   PIP_gNextId
00000002   PIP_gNumEmbed
00000000   POOL$
00000000   POOL_USEPOOL
00000001   PRD$
00000000   PRD_A_TABBEG
00000000   PRD_A_TABEND
00000000   PRD_A_TABLEN
0000ae80   PRD_D_cur
0000ae84   PRD_D_elapsed
0000ae88   PRD_D_prevtim
0000ae8c   PRD_D_scalar
0000ae90   PRD_D_swihandle
0000ae94   PRD_D_tabbeg
0000ae98   PRD_D_tablen
0000ae9c   PRD_D_thook
0000ae7c   PRD_D_tick
00001780   PRD_F_swi
00001a40   PRD_F_tick
00004000   PRD_SCALAR
00000000   PRD_SWIHANDLE
000025a0   PRD_THOOKFXN
0000b078   PRD_clock
00000001   QUE$
0000aea0   RTA_D_fromHost
0000aea8   RTA_D_logval
0000aeb8   RTA_D_stsval
0000aea4   RTA_D_toHost
00004240   RTA_F_andn
00001ed8   RTA_F_dispatch
00001de0   RTA_F_getlog
00001e24   RTA_F_getsts
00004260   RTA_F_or
00001e6c   RTA_F_readblk
00001e98   RTA_F_resetmem
00001e8c   RTA_F_writeword
0000bbe0   RTA_dispatcher
0000bbf0   RTA_dispatcher$
00001f28   RTA_execute
0000bb04   RTA_fromHost
00009fac   RTA_fromHost$buf
00000004   RTA_fromHost$framesize
00000000   RTA_fromHost$hst
00000001   RTA_fromHost$id
00000000   RTA_fromHost$mode
0000b900   RTA_fromHost$pipe
0000b930   RTA_fromHost$pipe$aaa
0000b960   RTA_fromHost$pipe$bbb
0000aff0   RTA_fromHost$pipe$dtab
0000b904   RTA_fromHost$pipe$rd
0000b934   RTA_fromHost$pipe$wr
0000bb0c   RTA_fromHost$rtdx
0000bb20   RTA_toHost
0000b800   RTA_toHost$buf
00000040   RTA_toHost$framesize
00000000   RTA_toHost$hst
00000000   RTA_toHost$id
00000001   RTA_toHost$mode
0000b964   RTA_toHost$pipe
0000b994   RTA_toHost$pipe$aaa
0000b9c4   RTA_toHost$pipe$bbb
0000affc   RTA_toHost$pipe$dtab
0000b968   RTA_toHost$pipe$rd
0000b998   RTA_toHost$pipe$wr
0000bb28   RTA_toHost$rtdx
00000001   RTDX$
00000408   RTDX_BUFMEMSIZE
ffffffff   RTDX_DATAMEMSEG
00000000   RTDX_MODE
00000001   RTDX_NORMALIZED_HDR
00000001   RTDX_USERTDX
00000000   RTDX_USERTEXECUTION
0000afec   SDRAM
80000000   SDRAM$B
00008000   SDRAM$L
00000000   SEM$
00000000   SIO$
00000001   STS$
0000bb3c   STS_A_TABBEG
0000bb6c   STS_A_TABEND
00003f58   STS_F_add
00003f20   STS_F_delta
00003f84   STS_F_reset
00000001   SWI$
0000bb6c   SWI_A_TABBEG
0000bb98   SWI_A_TABEND
00000001   SWI_A_TABLEN
0000af14   SWI_D_curfxn
0000af04   SWI_D_curmask
0000af10   SWI_D_curmbox
0000af08   SWI_D_curset
0000af00   SWI_D_execaddr
0000af1c   SWI_D_inswi
0000af0c   SWI_D_lock
0000af18   SWI_D_rdybeg
0000af20   SWI_D_rdytab
0000aefc   SWI_D_runaddr
00000000   SWI_EHOOKFXN
00000ffc   SWI_EXECFXN
00000de0   SWI_F_enable
00000ffc   SWI_F_exec
00001028   SWI_F_iexec
00000e50   SWI_F_post
000010b8   SWI_F_run
00000000   SWI_IHOOKFXN
000010b8   SWI_RUNFXN
00000001   SYS$
0000bbf8   SYS$config
00004280   SYS_ABORTFXN
00004380   SYS_ERRORFXN
000043a0   SYS_EXITFXN
00004140   SYS_PUTCFXN
0000bc0c   TRC_R_mask
0000bc08   TRC_cinit
00000001   TSK$
00000000   TSK_NUM_HOOKS
00000001   TSK_PRIORITY
00000000   TSK_READYFXN
00000000   TSK_STACKSEG
00000400   TSK_STACKSIZE
00000000   TSK_SWITCHFXN
00004300   TSK_VCREATEFXN
00004300   TSK_VDELETEFXN
00004300   TSK_VEXITFXN
0000ba6c   TSK_idle
00000000   TSK_idle$ord
00000000   TSK_idle$pri
0000a930   TSK_idle$stack
0000acc8   TSK_idle$stkptr
0000bb50   TSK_idle$sts
0000ba87   TSK_idle$sts$avgfmt
00000002   TSK_idle$sts$filter
00000001   TSK_idle$sts$filtmaxmult
00000001   TSK_idle$sts$filtsummult
0000ba77   TSK_idle$sts$maxfmt
0000bb4c   TSK_idle$sts$stsobj
0000ba7f   TSK_idle$sts$sumfmt
00000000   TSK_idle$sts$unittype
00000000   TSK_idle$tsk
00000000   UDEV$
00009fc0   _BIOS_init
0000a1e4   _BIOS_start
ffffffff   _BUFFERS
0000dbba   _CLK_COUNTSPMS
0000b054   _CLK_DFLTMICROSECS
0000ae78   _CLK_D_countspms
0000ae6c   _CLK_D_dirty
0000b058   _CLK_D_microseconds
0000ae70   _CLK_D_prd
0000ae74   _CLK_D_tddr
00002f54   _CLK_F_itime
0000dbba   _CLK_PRD
01940000   _CLK_REGS
00000000   _CLK_TDDR
00000000   _CLK_TIMERNUM
00000001   _CLK_USETIMER
0000ae5c   _CLK_htimeDiv
0000ae60   _CLK_htimeMult
0000b064   _CLK_htimePerLtime
00002f54   _CLK_itime
0000ae64   _CLK_ltimeDiv
0000ae68   _CLK_ltimeMult
00003900   _CLK_measure
000041a0   _CLK_start
000042c0   _CLK_stop
00004300   _FXN_F_nop
00003da8   _FXN_F_run
00003df8   _FXN_F_zero
00000000   _GBL_CACHE
0000aed4   _GBL_clkIn
00003580   _GBL_cslCacheInit
0000aed8   _GBL_freq
00004320   _GBL_getVersion
0000aed0   _GBL_procId
0000b0a8   _GBL_setPLLto225MHz
0000bb00   _HST_A_TABBEG
0000bb3c   _HST_A_TABEND
00004008   _HWI_CFGDISPATCHED
0000b014   _HWI_D_inhwi
0000b008   _HWI_D_spsave
00001320   _HWI_F_dispatch
0000000a   _HWI_INT10
0000000b   _HWI_INT11
0000000c   _HWI_INT12
0000000d   _HWI_INT13
0000000e   _HWI_INT14
0000000f   _HWI_INT15
00000004   _HWI_INT4
00000005   _HWI_INT5
00000006   _HWI_INT6
00000007   _HWI_INT7
00000008   _HWI_INT8
00000009   _HWI_INT9
00000001   _HWI_NMI
00000002   _HWI_RESERVED0
00000003   _HWI_RESERVED1
00000000   _HWI_RESET
000083b8   _HWI_STKBOTTOM
000043c0   _HWI_STKTOP
0000b008   _HWI_data
00004020   _HWI_disable
0000ad30   _HWI_dispatchTab
00004038   _HWI_enable
0000404c   _HWI_restore
0000bb60   _IDL_busyObj
0000bbd8   _IDL_cpuLoad
00004340   _IDL_loop
ffffffff   _IRAM
0000afa0   _KNL_alarm
00003440   _KNL_check
0000afc4   _KNL_curqueue
0000afb4   _KNL_curtask
0000afbc   _KNL_curtime
0000b380   _KNL_dummy
000036b4   _KNL_enter
00003660   _KNL_exit
00003518   _KNL_idle
0000afdc   _KNL_idlefxn
0000afa8   _KNL_inactive
000039e0   _KNL_ipost
0000353c   _KNL_max
0000afc8   _KNL_maxqueue
00003aa0   _KNL_post
0000afb8   _KNL_prevtask
0000afac   _KNL_priority
0000b2e0   _KNL_queues
00001b20   _KNL_run
00002c20   _KNL_saveIsrFrame
0000afb0   _KNL_set
0000afa4   _KNL_setpri
0000bb6c   _KNL_swi
0000afc0   _KNL_swiptr
00002cec   _KNL_switch
0000afd0   _KNL_tcreatefxn
0000afd4   _KNL_tdeletefxn
000025a0   _KNL_tick
0000afd8   _KNL_treadyfxn
0000afcc   _KNL_tswitchfxn
0000af98   _KNL_wFlag
0000af9c   _KNL_wList
00003b90   _LCK_pend
00003b60   _LCK_post
0000bbdc   _LNK_dataPump
0000b024   _LNK_dspFrameReadyMask
0000b020   _LNK_dspFrameRequestMask
0000b02c   _LNK_readDone
0000b030   _LNK_readFail
0000b028   _LNK_readPend
0000b034   _LNK_writeFail
0000bbc0   _LOG_A_TABBEG
0000bbd8   _LOG_A_TABEND
00000001   _LOG_A_TABLEN
0000ae3c   _LOG_D_system
00003ea0   _LOG_event
0000bbc0   _LOG_system
0000b070   _MEM
0000aedc   _MEM_D_NUMSEGMENTS
0000aee4   _MEM_D_freelist
0000aee8   _MEM_D_lockaddr
0000aee0   _MEM_D_memtab
0000aeec   _MEM_D_unlockaddr
0000a2a0   _MEM_init
0000afe0   _MEM_memtab
0000a4c0   _OBJ_init
0000b44c   _OBJ_segtab
0000b414   _OBJ_table
0000b900   _PIP_A_TABBEG
0000b9c8   _PIP_A_TABEND
0000ae7c   _PRD_D_tick
0000b078   _PRD_clock
0000bbe0   _RTA_dispatcher
0000bb04   _RTA_fromHost
0000bb20   _RTA_toHost
0000a4e0   _RTDX_Buffer
0000a8ec   _RTDX_Buffer_End
000090a0   _RTDX_Buffer_Initialize
000091e0   _RTDX_Buffer_Read
00009100   _RTDX_Buffer_ReadCB
00009160   _RTDX_Buffer_Size
0000a8e8   _RTDX_Buffer_Start
00009200   _RTDX_Buffer_Write
000087c0   _RTDX_Buffer_WriteCB
000091a0   _RTDX_Final_RT_Monitor
00009020   _RTDX_Init_RT_Monitor
00000002   _RTDX_JTAGONLY
00009240   _RTDX_Mask_IER
00008e00   _RTDX_Mon_Queue
000083c0   _RTDX_Poll
00000000   _RTDX_interrupt_mask
0000a8fc   _RTDX_writing
0000afec   _SDRAM
80000000   _SDRAM_base
00008000   _SDRAM_length
00004080   _SEM_pend
000020a0   _SEM_pendEnterKnl
00003820   _SEM_post
00003820   _SEM_postBinary
00003740   _SEM_postEnterKnl
0000bb3c   _STS_A_TABBEG
0000bb6c   _STS_A_TABEND
00003f58   _STS_add
00003f20   _STS_delta
00003f84   _STS_reset
00004360   _STS_set
0000af14   _SWI_D_curfxn
0000af04   _SWI_D_curmask
0000af08   _SWI_D_curset
0000af00   _SWI_D_execaddr
0000af1c   _SWI_D_inswi
0000af0c   _SWI_D_lock
0000af18   _SWI_D_rdybeg
0000aefc   _SWI_D_runaddr
0000aefc   _SWI_data
00000e50   _SWI_post
0000aef0   _SYS
0000b4f4   _SYS_PUTCBEG
0000b6f3   _SYS_PUTCEND
000040e0   _SYS_abort
00003c20   _SYS_exit
0000b4b8   _SYS_exitStack
0000b05c   _SYS_exitStackPtr
0000b060   _SYS_exitStackTop
0000bc0c   _TRC_R_mask
0000b050   _TSK
0000b3b8   _TSK_ATTRS
0000b3d4   _TSK_config
00002fa0   _TSK_exit
0000ba6c   _TSK_idle
0000a440   _TSK_init
0000b048   _TSK_nTasks
0000b04c   _TSK_pid
00002a20   _TSK_setup
00003380   _TSK_startup
0000b3f4   _TSK_timerSem
00004280   _UTL_doAbort
00004380   _UTL_doError
00004140   _UTL_doPutc
000043a0   _UTL_halt
00002f70   __CLK_lat1beg
00002f9c   __CLK_lat1end
00000c34   __GBL_setL2CacheMode
0000aef8   __HOOK_NUMHOOKS
0000aef4   __HOOK_knlId
00001320   __HWI_lat1beg
000014a0   __HWI_lat1end
000014a0   __HWI_lat2beg
00001640   __HWI_lat2end1
000015cc   __HWI_lat2end2
00001660   __HWI_lat3beg
00001760   __HWI_lat3end1
000015fc   __HWI_lat3end2
00003e20   __IDL_lat1beg
00003e70   __IDL_lat1end
00003490   __KNL_lat1beg
00003518   __KNL_lat1end
00003ea0   __LOG_lat1beg
0000b490   __MEM_mutex
00001e98   __RTA_lat1beg
00001ed0   __RTA_lat1end
00002800   __SEM_dopost
000083c0   __STACK_END
00004000   __STACK_SIZE
00000f8c   __SWI_lat1beg
00001040   __SWI_lat1end
00001044   __SWI_lat2beg
000010b4   __SWI_lat2end
00000de0   __SWI_lat3beg
00000e4c   __SWI_lat3end
0000b468   __TSK_mutex
ffffffff   ___TI_pprof_out_hndl
ffffffff   ___TI_prof_data_size
ffffffff   ___TI_prof_data_start
ffffffff   ___binit__
0000ad30   ___bss__
ffffffff   ___c_args__
00009260   ___cinit__
00000000   ___data__
00000000   ___edata__
0000b078   ___end__
0000b2e0   ___etext__
0000b6f4   ___pinit__
0000b080   ___text__
00003140   __auto_init
UNDEFED    __register_lock
UNDEFED    __register_unlock
000043c0   __stack
UNDEFED    _atexit
0000a380   _c_int00
0000b2c0   _main
UNDEFED    _memcpy
0000b040   _rtdxNullChanCnt
0000b044   _rtdxNullFuncCnt
0000a8f0   _rtdx_buffer_state
0000a910   _rtdx_mon_state
0000b080   _wait500nS
0000b074   _zyx
ffffffff   binit
00009260   cinit
00000000   edata
0000b078   end
0000b2e0   etext
00000000   hwi0
00000020   hwi1
00000140   hwi10
00000160   hwi11
00000180   hwi12
000001a0   hwi13
000001c0   hwi14
000001e0   hwi15
00000040   hwi2
00000060   hwi3
00000080   hwi4
000000a0   hwi5
000000c0   hwi6
000000e0   hwi7
00000100   hwi8
00000120   hwi9
0000b6f4   pinit


GLOBAL SYMBOLS: SORTED BY Symbol Address 

address    name
--------   ----
00000000   .data
00000000   BUF$
00000000   CLK_COUNTSPMSHIGH
00000000   CLK_PRDHIGH
00000000   CLK_TDDR
00000000   CLK_TDDRHIGH
00000000   CLK_TIMERNUM
00000000   DEV$
00000000   DGN$
00000000   DHL$
00000000   DHL_gChannelsAvailable
00000000   DIO$
00000000   DIO_NUMSWIBASE
00000000   DIO_NUMTSKBASE
00000000   DIO_STATIC
00000000   DPI$
00000000   GBL_BIGENDIAN
00000000   GBL_C641XL2PRIORITY
00000000   GBL_CACHE
00000000   GBL_L2CONFIGALLOC
00000000   GBL_L2MARMASK1
00000000   GBL_L2MARMASK2
00000000   GBL_L2MARMASK3
00000000   GBL_L2MARMASK4
00000000   GBL_L2MARMASK5
00000000   GBL_L2MODE
00000000   GBL_L2PRIORITY
00000000   GBL_NULL
00000000   GBL_PROCID
00000000   GBL_ROM
00000000   GBL_SUPPORTCSL
00000000   GIO$
00000000   HOOK$
00000000   HOOK_KNLID
00000000   HST_DSM
00000000   HST_NONE
00000000   HWI_A_VECS
00000000   HWI_GENERATE_RESET_VEC
00000000   HWI_INT10$hwi
00000000   HWI_INT11$hwi
00000000   HWI_INT12$hwi
00000000   HWI_INT13$hwi
00000000   HWI_INT14$hwi
00000000   HWI_INT15$hwi
00000000   HWI_INT4$hwi
00000000   HWI_INT5$hwi
00000000   HWI_INT6$hwi
00000000   HWI_INT7$hwi
00000000   HWI_INT8$hwi
00000000   HWI_INT9$hwi
00000000   HWI_NMI$hwi
00000000   HWI_POLARITYMASK
00000000   HWI_RESERVED0$hwi
00000000   HWI_RESERVED1$hwi
00000000   HWI_RESET
00000000   HWI_RESET$hwi
00000000   IDL_busyObj$iB
00000000   IDL_busyObj$operation
00000000   KNL_swi$ord
00000000   KNL_swi$pri
00000000   KNL_swi$sts$unittype
00000000   KNL_swi$swi
00000000   LOG_system$datatype
00000000   LOG_system$log
00000000   MBX$
00000000   MEM_NULL
00000000   MEM_USEMPC
00000000   MSGQ$
00000000   MSGQ_USEMSGQ
00000000   OBJ$
00000000   PIP$
00000000   PIP_gNextId
00000000   POOL$
00000000   POOL_USEPOOL
00000000   PRD_A_TABBEG
00000000   PRD_A_TABEND
00000000   PRD_A_TABLEN
00000000   PRD_SWIHANDLE
00000000   RTA_fromHost$hst
00000000   RTA_fromHost$mode
00000000   RTA_toHost$hst
00000000   RTA_toHost$id
00000000   RTDX_MODE
00000000   RTDX_USERTEXECUTION
00000000   SEM$
00000000   SIO$
00000000   SWI_EHOOKFXN
00000000   SWI_IHOOKFXN
00000000   TSK_NUM_HOOKS
00000000   TSK_READYFXN
00000000   TSK_STACKSEG
00000000   TSK_SWITCHFXN
00000000   TSK_idle$ord
00000000   TSK_idle$pri
00000000   TSK_idle$sts$unittype
00000000   TSK_idle$tsk
00000000   UDEV$
00000000   _CLK_TDDR
00000000   _CLK_TIMERNUM
00000000   _GBL_CACHE
00000000   _HWI_RESET
00000000   _RTDX_interrupt_mask
00000000   ___data__
00000000   ___edata__
00000000   edata
00000000   hwi0
00000001   BUF_ENABLED
00000001   CLK$
00000001   CLK_CALDIV
00000001   CLK_HTIMEDIV
00000001   CLK_LTIMEDIV
00000001   CLK_USETIMER
00000001   GBL$
00000001   GBL_CALLCSLCFGINIT
00000001   GBL_ENABLEINST
00000001   GBL_L2CONFIGURE
00000001   GBL_L2MARMASK
00000001   GBL_USERINIT
00000001   GBL_boot
00000001   HST$
00000001   HST_RTDX
00000001   HWI$
00000001   HWI_NMI
00000001   HWI_ZEROTAB
00000001   IDL$
00000001   IDL_USECLKIDLTIME
00000001   IDL_busyObj$filter
00000001   IDL_busyObj$iA
00000001   IDL_busyObj$iC
00000001   ISRC$
00000001   KNL_swi$dorta
00000001   KNL_swi$sts$filtmaxmult
00000001   KNL_swi$sts$filtsummult
00000001   LCK$
00000001   LOG$
00000001   LOG_A_TABLEN
00000001   LOG_ENABLED
00000001   MEM$
00000001   MEM_gNumHeap
00000001   PRD$
00000001   QUE$
00000001   RTA_fromHost$id
00000001   RTA_toHost$mode
00000001   RTDX$
00000001   RTDX_NORMALIZED_HDR
00000001   RTDX_USERTDX
00000001   STS$
00000001   SWI$
00000001   SWI_A_TABLEN
00000001   SYS$
00000001   TSK$
00000001   TSK_PRIORITY
00000001   TSK_idle$sts$filtmaxmult
00000001   TSK_idle$sts$filtsummult
00000001   _CLK_USETIMER
00000001   _HWI_NMI
00000001   _LOG_A_TABLEN
00000002   HWI_RESERVED0
00000002   IDL_busyObj$unittype
00000002   KNL_swi$sts$filter
00000002   PIP_A_TABLEN
00000002   PIP_gNumEmbed
00000002   TSK_idle$sts$filter
00000002   _HWI_RESERVED0
00000002   _RTDX_JTAGONLY
00000003   HWI_RESERVED1
00000003   _HWI_RESERVED1
00000004   CLK_CALMULT
00000004   CLK_HTIMEMULT
00000004   HWI_INT4
00000004   RTA_fromHost$framesize
00000004   _HWI_INT4
00000005   HWI_INT5
00000005   _HWI_INT5
00000006   HWI_INT6
00000006   IDL_CALIBRERROR
00000006   _HWI_INT6
00000007   HWI_INT7
00000007   _HWI_INT7
00000008   HWI_INT8
00000008   _HWI_INT8
00000009   HWI_INT9
00000009   _HWI_INT9
0000000a   HWI_INT10
0000000a   _HWI_INT10
0000000b   HWI_INT11
0000000b   _HWI_INT11
0000000c   HWI_INT12
0000000c   _HWI_INT12
0000000d   HWI_INT13
0000000d   _HWI_INT13
0000000e   HWI_INT14
0000000e   _HWI_INT14
0000000f   HWI_INT15
0000000f   _HWI_INT15
00000020   CLK_TCR
00000020   hwi1
0000003e   GBL_DSPTYPE
00000040   HST_MAXFRAMESET
00000040   LOG_system$size
00000040   RTA_toHost$framesize
00000040   hwi2
00000042   GBL_FOOTPRINT
00000060   hwi3
00000064   PIP_OBJSIZE
00000080   hwi4
000000a0   hwi5
000000c0   hwi6
000000e0   hwi7
000000ff   HST_MAXFRAMEALLOWED
00000100   hwi8
00000120   hwi9
00000140   hwi10
00000160   hwi11
00000180   hwi12
000001a0   hwi13
000001c0   hwi14
000001e0   hwi15
00000200   LNK_F_checkBufferCall
00000220   LNK_F_getChanPtr
00000278   LNK_F_init
00000280   LNK_F_dataPump
00000294   LNK_rcloop
00000360   LNK_rdrtry
00000370   LNK_rrloop
000003e8   CLK_MICROSECS
00000400   HST_DSMMEMSIZE
00000400   TSK_STACKSIZE
00000408   RTDX_BUFMEMSIZE
00000434   LNK_wrrtry
00000444   LNK_wrloop
00000520   LNK_newin
00000660   LNK_newout
000007c4   LNK_F_readCallBack
00000c34   __GBL_setL2CacheMode
00000de0   SWI_F_enable
00000de0   __SWI_lat3beg
00000e4c   __SWI_lat3end
00000e50   SWI_F_post
00000e50   _SWI_post
00000f8c   __SWI_lat1beg
00000ffc   SWI_EXECFXN
00000ffc   SWI_F_exec
00001028   SWI_F_iexec
00001040   __SWI_lat1end
00001044   __SWI_lat2beg
000010b4   __SWI_lat2end
000010b8   SWI_F_run
000010b8   SWI_RUNFXN
00001320   CLK_HOOKFXN
00001320   HWI_F_dispatch
00001320   _HWI_F_dispatch
00001320   __HWI_lat1beg
000014a0   __HWI_lat1end
000014a0   __HWI_lat2beg
000015cc   __HWI_lat2end2
000015fc   __HWI_lat3end2
00001640   __HWI_lat2end1
00001660   __HWI_lat3beg
00001760   __HWI_lat3end1
00001770   GBL_CLKTYPE
00001780   PRD_F_swi
00001a39   GBL_DSPSUBTYPE
00001a40   PRD_F_tick
00001b20   _KNL_run
00001de0   RTA_F_getlog
00001e24   RTA_F_getsts
00001e6c   RTA_F_readblk
00001e8c   RTA_F_writeword
00001e98   RTA_F_resetmem
00001e98   __RTA_lat1beg
00001ed0   __RTA_lat1end
00001ed8   RTA_F_dispatch
00001f28   RTA_execute
000020a0   _SEM_pendEnterKnl
00002226   GBL_L2ALLOC
000025a0   PRD_THOOKFXN
000025a0   _KNL_tick
000025c0   PIP_F_take
00002654   PIP_F_give
00002654   PIP_F_probe
00002728   PIP_F_start
00002800   __SEM_dopost
00002a20   _TSK_setup
00002c20   _KNL_saveIsrFrame
00002cec   _KNL_switch
00002da0   KNL_glue
00002de0   CLK_F_getltime
00002df4   CLK_F_isr
00002f54   CLK_F_itime
00002f54   _CLK_F_itime
00002f54   _CLK_itime
00002f70   __CLK_lat1beg
00002f9c   __CLK_lat1end
00002fa0   _TSK_exit
00003140   __auto_init
00003380   _TSK_startup
00003440   _KNL_check
00003490   __KNL_lat1beg
00003518   _KNL_idle
00003518   __KNL_lat1end
0000353c   _KNL_max
00003580   _GBL_cslCacheInit
00003660   _KNL_exit
000036b4   _KNL_enter
00003740   _SEM_postEnterKnl
00003820   _SEM_post
00003820   _SEM_postBinary
00003900   _CLK_measure
000039e0   _KNL_ipost
00003aa0   _KNL_post
00003b60   _LCK_post
00003b90   _LCK_pend
00003c20   _SYS_exit
00003ce0   CLK_F_getfhtime
00003d00   CLK_F_gethtime
00003d00   CLK_F_getshtime
00003d00   CLK_TIMEFXN
00003da0   FXN_F_nop
00003da8   FXN_F_run
00003da8   _FXN_F_run
00003df8   FXN_F_zero
00003df8   _FXN_F_zero
00003e20   IDL_F_busy
00003e20   __IDL_lat1beg
00003e70   __IDL_lat1end
00003ea0   LOG_F_event
00003ea0   _LOG_event
00003ea0   __LOG_lat1beg
00003f20   STS_F_delta
00003f20   _STS_delta
00003f58   STS_F_add
00003f58   _STS_add
00003f84   STS_F_reset
00003f84   _STS_reset
00003fa0   IDL_F_calibrate
00004000   CLK_INTBIT
00004000   PRD_SCALAR
00004000   __STACK_SIZE
00004008   HWI_CFGDISPATCHED
00004008   _HWI_CFGDISPATCHED
00004020   _HWI_disable
00004038   _HWI_enable
0000404c   _HWI_restore
00004080   _SEM_pend
000040e0   _SYS_abort
00004140   SYS_PUTCFXN
00004140   _UTL_doPutc
000041a0   _CLK_start
00004200   IDL_CALIBRFXN
00004200   IDL_F_stub
00004240   RTA_F_andn
00004260   RTA_F_or
00004280   SYS_ABORTFXN
00004280   _UTL_doAbort
000042c0   _CLK_stop
00004300   GIO_CREATEFXN
00004300   GIO_DELETEFXN
00004300   GIO_PENDFXN
00004300   GIO_POSTFXN
00004300   TSK_VCREATEFXN
00004300   TSK_VDELETEFXN
00004300   TSK_VEXITFXN
00004300   _FXN_F_nop
00004320   _GBL_getVersion
00004340   IDL_F_loop
00004340   _IDL_loop
00004360   _STS_set
00004380   SYS_ERRORFXN
00004380   _UTL_doError
000043a0   SYS_EXITFXN
000043a0   _UTL_halt
000043c0   GBL_stackbeg
000043c0   _HWI_STKTOP
000043c0   __stack
00004e20   GBL_CLKIN
00005205   GBL_A_VERSION
00008000   SDRAM$L
00008000   _SDRAM_length
000083b8   _HWI_STKBOTTOM
000083bf   GBL_stackend
000083c0   _RTDX_Poll
000083c0   __STACK_END
000087c0   _RTDX_Buffer_WriteCB
00008e00   _RTDX_Mon_Queue
00009020   _RTDX_Init_RT_Monitor
000090a0   _RTDX_Buffer_Initialize
00009100   _RTDX_Buffer_ReadCB
00009160   _RTDX_Buffer_Size
000091a0   _RTDX_Final_RT_Monitor
000091e0   _RTDX_Buffer_Read
00009200   _RTDX_Buffer_Write
00009240   _RTDX_Mask_IER
00009260   ___cinit__
00009260   cinit
00009fac   RTA_fromHost$buf
00009fc0   BIOS_init
00009fc0   _BIOS_init
0000a13c   BIOS$$CLKON
0000a17c   BIOS$$CLKOFF
0000a1e4   BIOS_start
0000a1e4   _BIOS_start
0000a2a0   _MEM_init
0000a380   _c_int00
0000a440   _TSK_init
0000a4c0   _OBJ_init
0000a4e0   _RTDX_Buffer
0000a8e8   _RTDX_Buffer_Start
0000a8ec   _RTDX_Buffer_End
0000a8f0   _rtdx_buffer_state
0000a8fc   _RTDX_writing
0000a910   _rtdx_mon_state
0000a930   TSK_idle$stack
0000acc8   TSK_idle$stkptr
0000ad30   $bss
0000ad30   .bss
0000ad30   _HWI_dispatchTab
0000ad30   ___bss__
0000ae30   IDL_D_tabbeg
0000ae34   IDL_D_calibrate
0000ae38   IDL_D_calbeg
0000ae3c   LOG_D_system
0000ae3c   _LOG_D_system
0000ae40   PIP_D_tabbeg
0000ae44   PIP_D_tablen
0000ae48   CLK_R_time
0000ae4c   CLK_D_timefxn
0000ae50   CLK_D_tabbeg
0000ae54   CLK_D_isrhook
0000ae58   CLK_D_idletime
0000ae5c   _CLK_htimeDiv
0000ae60   _CLK_htimeMult
0000ae64   _CLK_ltimeDiv
0000ae68   _CLK_ltimeMult
0000ae6c   _CLK_D_dirty
0000ae70   _CLK_D_prd
0000ae74   _CLK_D_tddr
0000ae78   _CLK_D_countspms
0000ae7c   PRD_D_tick
0000ae7c   _PRD_D_tick
0000ae80   PRD_D_cur
0000ae84   PRD_D_elapsed
0000ae88   PRD_D_prevtim
0000ae8c   PRD_D_scalar
0000ae90   PRD_D_swihandle
0000ae94   PRD_D_tabbeg
0000ae98   PRD_D_tablen
0000ae9c   PRD_D_thook
0000aea0   RTA_D_fromHost
0000aea4   RTA_D_toHost
0000aea8   RTA_D_logval
0000aeb8   RTA_D_stsval
0000aec4   HST_D_chanmask
0000aec8   HST_D_tabbeg
0000aecc   HST_D_tabend
0000aed0   _GBL_procId
0000aed4   _GBL_clkIn
0000aed8   _GBL_freq
0000aedc   _MEM_D_NUMSEGMENTS
0000aee0   _MEM_D_memtab
0000aee4   _MEM_D_freelist
0000aee8   _MEM_D_lockaddr
0000aeec   _MEM_D_unlockaddr
0000aef0   _SYS
0000aef4   __HOOK_knlId
0000aef8   __HOOK_NUMHOOKS
0000aefc   SWI_D_runaddr
0000aefc   _SWI_D_runaddr
0000aefc   _SWI_data
0000af00   SWI_D_execaddr
0000af00   _SWI_D_execaddr
0000af04   SWI_D_curmask
0000af04   _SWI_D_curmask
0000af08   SWI_D_curset
0000af08   _SWI_D_curset
0000af0c   SWI_D_lock
0000af0c   _SWI_D_lock
0000af10   SWI_D_curmbox
0000af14   SWI_D_curfxn
0000af14   _SWI_D_curfxn
0000af18   SWI_D_rdybeg
0000af18   _SWI_D_rdybeg
0000af1c   SWI_D_inswi
0000af1c   _SWI_D_inswi
0000af20   SWI_D_rdytab
0000af98   _KNL_wFlag
0000af9c   _KNL_wList
0000afa0   _KNL_alarm
0000afa4   _KNL_setpri
0000afa8   _KNL_inactive
0000afac   _KNL_priority
0000afb0   _KNL_set
0000afb4   _KNL_curtask
0000afb8   _KNL_prevtask
0000afbc   _KNL_curtime
0000afc0   _KNL_swiptr
0000afc4   _KNL_curqueue
0000afc8   _KNL_maxqueue
0000afcc   _KNL_tswitchfxn
0000afd0   _KNL_tcreatefxn
0000afd4   _KNL_tdeletefxn
0000afd8   _KNL_treadyfxn
0000afdc   _KNL_idlefxn
0000afe0   _MEM_memtab
0000afec   MEM_MALLOCSEG
0000afec   MEM_SEGZERO
0000afec   SDRAM
0000afec   _SDRAM
0000aff0   RTA_fromHost$pipe$dtab
0000affc   RTA_toHost$pipe$dtab
0000b008   HWI_D_spsave
0000b008   _HWI_D_spsave
0000b008   _HWI_data
0000b014   _HWI_D_inhwi
0000b018   HWI_D_bss
0000b01c   HWI_D_ccmask
0000b020   LNK_dspFrameRequestMask
0000b020   _LNK_dspFrameRequestMask
0000b024   LNK_dspFrameReadyMask
0000b024   _LNK_dspFrameReadyMask
0000b028   LNK_readPend
0000b028   _LNK_readPend
0000b02c   LNK_readDone
0000b02c   _LNK_readDone
0000b030   LNK_readFail
0000b030   _LNK_readFail
0000b034   LNK_writeFail
0000b034   _LNK_writeFail
0000b040   _rtdxNullChanCnt
0000b044   _rtdxNullFuncCnt
0000b048   _TSK_nTasks
0000b04c   _TSK_pid
0000b050   _TSK
0000b054   _CLK_DFLTMICROSECS
0000b058   _CLK_D_microseconds
0000b05c   _SYS_exitStackPtr
0000b060   _SYS_exitStackTop
0000b064   _CLK_htimePerLtime
0000b06c   IDL_D_busyObj
0000b070   _MEM
0000b074   _zyx
0000b078   CLK_A_TABBEG
0000b078   PRD_clock
0000b078   _PRD_clock
0000b078   ___end__
0000b078   end
0000b07c   CLK_null
0000b080   .text
0000b080   ___text__
0000b080   _wait500nS
0000b0a8   GBL_USERINITFXN
0000b0a8   _GBL_setPLLto225MHz
0000b2c0   _main
0000b2e0   _KNL_queues
0000b2e0   ___etext__
0000b2e0   etext
0000b380   _KNL_dummy
0000b3b8   _TSK_ATTRS
0000b3d4   _TSK_config
0000b3f4   _TSK_timerSem
0000b414   _OBJ_table
0000b44c   _OBJ_segtab
0000b468   __TSK_mutex
0000b490   __MEM_mutex
0000b4b8   _SYS_exitStack
0000b4f4   _SYS_PUTCBEG
0000b6f3   _SYS_PUTCEND
0000b6f4   ___pinit__
0000b6f4   pinit
0000b700   LOG_system$buf
0000b800   RTA_toHost$buf
0000b900   PIP_A_TABBEG
0000b900   RTA_fromHost$pipe
0000b900   _PIP_A_TABBEG
0000b904   RTA_fromHost$pipe$rd
0000b930   RTA_fromHost$pipe$aaa
0000b934   RTA_fromHost$pipe$wr
0000b960   RTA_fromHost$pipe$bbb
0000b964   RTA_toHost$pipe
0000b968   RTA_toHost$pipe$rd
0000b994   RTA_toHost$pipe$aaa
0000b998   RTA_toHost$pipe$wr
0000b9c4   RTA_toHost$pipe$bbb
0000b9c8   PIP_A_TABEND
0000b9c8   _PIP_A_TABEND
0000ba5d   KNL_swi$sts$maxfmt
0000ba65   KNL_swi$sts$sumfmt
0000ba6c   TSK_idle
0000ba6c   _TSK_idle
0000ba6d   KNL_swi$sts$avgfmt
0000ba77   TSK_idle$sts$maxfmt
0000ba7f   TSK_idle$sts$sumfmt
0000ba87   TSK_idle$sts$avgfmt
0000ba91   IDL_busyObj$maxfmt
0000ba94   IDL_busyObj$sumfmt
0000ba97   IDL_busyObj$avgfmt
0000bb00   HST_A_TABBEG
0000bb00   _HST_A_TABBEG
0000bb04   RTA_fromHost
0000bb04   _RTA_fromHost
0000bb0c   RTA_fromHost$rtdx
0000bb20   RTA_toHost
0000bb20   _RTA_toHost
0000bb28   RTA_toHost$rtdx
0000bb3c   HST_A_TABEND
0000bb3c   KNL_swi$sts$stsobj
0000bb3c   STS_A_TABBEG
0000bb3c   _HST_A_TABEND
0000bb3c   _STS_A_TABBEG
0000bb40   KNL_swi$sts
0000bb4c   TSK_idle$sts$stsobj
0000bb50   TSK_idle$sts
0000bb5c   IDL_busyObj$stsobj
0000bb60   IDL_busyObj
0000bb60   _IDL_busyObj
0000bb6c   KNL_swi
0000bb6c   STS_A_TABEND
0000bb6c   SWI_A_TABBEG
0000bb6c   _KNL_swi
0000bb6c   _STS_A_TABEND
0000bb98   SWI_A_TABEND
0000bbc0   LOG_A_TABBEG
0000bbc0   LOG_system
0000bbc0   _LOG_A_TABBEG
0000bbc0   _LOG_system
0000bbd8   IDL_A_TABBEG
0000bbd8   IDL_cpuLoad
0000bbd8   LOG_A_TABEND
0000bbd8   _IDL_cpuLoad
0000bbd8   _LOG_A_TABEND
0000bbdc   LNK_dataPump
0000bbdc   _LNK_dataPump
0000bbe0   RTA_dispatcher
0000bbe0   _RTA_dispatcher
0000bbe4   IDL_END
0000bbe8   IDL_A_CALBEG
0000bbe8   IDL_cpuLoad$
0000bbec   LNK_dataPump$
0000bbf0   RTA_dispatcher$
0000bbf4   IDL_END$
0000bbf8   SYS$config
0000bc08   TRC_cinit
0000bc0c   TRC_R_mask
0000bc0c   _TRC_R_mask
0000bc10   GBL_initdone
0000dbba   CLK_COUNTSPMS
0000dbba   CLK_HTIMEPERLTIME
0000dbba   CLK_PRD
0000dbba   _CLK_COUNTSPMS
0000dbba   _CLK_PRD
0000dbef   GBL_TRCMASKVALUE
00036ee8   CLK_LTIMEMULT
00036ee8   GBL_FREQ
01940000   CLK_REGS
01940000   _CLK_REGS
082039a3   HWI_INTRMULTHIGH
310718a4   HWI_INTRMULTLOW
80000000   SDRAM$B
80000000   _SDRAM_base
ffffffff   BUFFERS
ffffffff   HST_DSMBUFSEG
ffffffff   IRAM
ffffffff   RTDX_DATAMEMSEG
ffffffff   _BUFFERS
ffffffff   _IRAM
ffffffff   ___TI_pprof_out_hndl
ffffffff   ___TI_prof_data_size
ffffffff   ___TI_prof_data_start
ffffffff   ___binit__
ffffffff   ___c_args__
ffffffff   binit
UNDEFED    __register_lock
UNDEFED    __register_unlock
UNDEFED    _atexit
UNDEFED    _memcpy

[675 symbols]
